 finalProject

 Timestamp is 63976462 (Tue Dec 13 01:26:58 2022)

 Preferred load address is 00400000

 Start         Length     Name                   Class
 0001:00000000 00002660H .text                   CODE
 0001:00002660 00001229H .text$mn                CODE
 0002:00000000 00000144H .rdata                  DATA
 0002:00000143 00000000H .edata                  DATA
 0002:00000144 00000186H .rdata$zzzdbg           DATA
 0003:00000000 00000b60H .data                   DATA
 0003:00000b60 000002f2H .bss                    DATA
 0004:00000000 000000d8H .idata$5                DATA
 0004:000000d8 00000028H .idata$2                DATA
 0004:00000100 00000014H .idata$3                DATA
 0004:00000114 000000d8H .idata$4                DATA
 0004:000001ec 00000347H .idata$6                DATA
 0005:00000000 00000170H .rsrc$01                DATA
 0005:00000170 000002ccH .rsrc$02                DATA

  Address         Publics by Value              Rva+Base       Lib:Object

 0000:00000000       ___AbsoluteZero            00000000     <absolute>
 0000:00000000       ___arm64x_extra_rfe_table  00000000     <absolute>
 0000:00000000       ___arm64x_extra_rfe_table_size 00000000     <absolute>
 0000:00000000       ___arm64x_native_entrypoint 00000000     <absolute>
 0000:00000000       ___arm64x_redirection_metadata 00000000     <absolute>
 0000:00000000       ___arm64x_redirection_metadata_count 00000000     <absolute>
 0000:00000000       ___dynamic_value_reloc_table 00000000     <absolute>
 0000:00000000       ___enclave_config          00000000     <absolute>
 0000:00000000       ___guard_check_icall_a64n_fptr 00000000     <absolute>
 0000:00000000       ___guard_eh_cont_count     00000000     <absolute>
 0000:00000000       ___guard_eh_cont_table     00000000     <absolute>
 0000:00000000       ___guard_fids_count        00000000     <absolute>
 0000:00000000       ___guard_fids_table        00000000     <absolute>
 0000:00000000       ___guard_flags             00000000     <absolute>
 0000:00000000       ___guard_iat_count         00000000     <absolute>
 0000:00000000       ___guard_iat_table         00000000     <absolute>
 0000:00000000       ___guard_longjmp_count     00000000     <absolute>
 0000:00000000       ___guard_longjmp_table     00000000     <absolute>
 0000:00000000       ___hybrid_auxiliary_iat    00000000     <absolute>
 0000:00000000       ___hybrid_auxiliary_iat_copy 00000000     <absolute>
 0000:00000000       ___hybrid_code_map         00000000     <absolute>
 0000:00000000       ___hybrid_code_map_count   00000000     <absolute>
 0000:00000000       ___safe_se_handler_count   00000000     <absolute>
 0000:00000000       ___safe_se_handler_table   00000000     <absolute>
 0000:00000000       ___volatile_metadata       00000000     <absolute>
 0000:00000000       ___x64_code_ranges_to_entry_points 00000000     <absolute>
 0000:00000000       ___x64_code_ranges_to_entry_points_count 00000000     <absolute>
 0001:00000210       _CloseFile@0               00401210 f   Irvine32:Irvine32.obj
 0001:00000217       _Clrscr@0                  00401217 f   Irvine32:Irvine32.obj
 0001:000002dc       _CreateOutputFile@0        004012dc f   Irvine32:Irvine32.obj
 0001:000002f5       _Crlf@0                    004012f5 f   Irvine32:Irvine32.obj
 0001:00000310       _Delay@0                   00401310 f   Irvine32:Irvine32.obj
 0001:00000319       _DumpMem@0                 00401319 f   Irvine32:Irvine32.obj
 0001:000003d4       _DumpRegs@0                004013d4 f   Irvine32:Irvine32.obj
 0001:000005cf       _GetCommandTail@0          004015cf f   Irvine32:Irvine32.obj
 0001:0000060c       _GetDateTime@4             0040160c f   Irvine32:Irvine32.obj
 0001:0000063e       _GetMaxXY@0                0040163e f   Irvine32:Irvine32.obj
 0001:0000066d       _GetMseconds@0             0040166d f   Irvine32:Irvine32.obj
 0001:000006ca       _GetTextColor@0            004016ca f   Irvine32:Irvine32.obj
 0001:000006f5       _Gotoxy@0                  004016f5 f   Irvine32:Irvine32.obj
 0001:0000074d       _IsDigit@0                 0040174d f   Irvine32:Irvine32.obj
 0001:0000075a       _MsgBox@0                  0040175a f   Irvine32:Irvine32.obj
 0001:00000771       _MsgBoxAsk@0               00401771 f   Irvine32:Irvine32.obj
 0001:00000790       _OpenInputFile@0           00401790 f   Irvine32:Irvine32.obj
 0001:000007a9       _ParseDecimal32@0          004017a9 f   Irvine32:Irvine32.obj
 0001:0000080b       _ParseInteger32@0          0040180b f   Irvine32:Irvine32.obj
 0001:000008c6       _Random32@0                004018c6 f   Irvine32:Irvine32.obj
 0001:000008e1       _RandomRange@0             004018e1 f   Irvine32:Irvine32.obj
 0001:000008f6       _Randomize@0               004018f6 f   Irvine32:Irvine32.obj
 0001:0000090f       _ReadChar@0                0040190f f   Irvine32:Irvine32.obj
 0001:00000925       _ReadDec@0                 00401925 f   Irvine32:Irvine32.obj
 0001:00000940       _ReadFromFile@0            00401940 f   Irvine32:Irvine32.obj
 0001:00000963       _ReadHex@0                 00401963 f   Irvine32:Irvine32.obj
 0001:000009e4       _ReadInt@0                 004019e4 f   Irvine32:Irvine32.obj
 0001:000009ff       _ReadKey@0                 004019ff f   Irvine32:Irvine32.obj
 0001:00000b1a       _ReadKeyFlush@0            00401b1a f   Irvine32:Irvine32.obj
 0001:00000be8       _ReadString@0              00401be8 f   Irvine32:Irvine32.obj
 0001:00000ca1       _SetTextColor@0            00401ca1 f   Irvine32:Irvine32.obj
 0001:00000cc2       _StrLength@0               00401cc2 f   Irvine32:Irvine32.obj
 0001:00000cd3       _Str_compare@8             00401cd3 f   Irvine32:Irvine32.obj
 0001:00000cfd       _Str_copy@8                00401cfd f   Irvine32:Irvine32.obj
 0001:00000d20       _Str_length@4              00401d20 f   Irvine32:Irvine32.obj
 0001:00000d3a       _Str_trim@8                00401d3a f   Irvine32:Irvine32.obj
 0001:00000d68       _Str_ucase@4               00401d68 f   Irvine32:Irvine32.obj
 0001:00000d8a       _WaitMsg@0                 00401d8a f   Irvine32:Irvine32.obj
 0001:00000d9c       _WriteBin@0                00401d9c f   Irvine32:Irvine32.obj
 0001:00000da9       _WriteBinB@0               00401da9 f   Irvine32:Irvine32.obj
 0001:00000dfc       _WriteChar@0               00401dfc f   Irvine32:Irvine32.obj
 0001:00000e2e       _WriteDec@0                00401e2e f   Irvine32:Irvine32.obj
 0001:00000e6f       _WriteHex@0                00401e6f f   Irvine32:Irvine32.obj
 0001:00000e7c       _WriteHexB@0               00401e7c f   Irvine32:Irvine32.obj
 0001:00000f0e       _WriteInt@0                00401f0e f   Irvine32:Irvine32.obj
 0001:00000f6f       _WriteStackFrameName@16    00401f6f f   Irvine32:Irvine32.obj
 0001:000010ef       _WriteStackFrame@12        004020ef f   Irvine32:Irvine32.obj
 0001:00001109       _WriteString@0             00402109 f   Irvine32:Irvine32.obj
 0001:00001135       _WriteToFile@0             00402135 f   Irvine32:Irvine32.obj
 0001:0000114a       _WriteWindowsMsg@0         0040214a f   Irvine32:Irvine32.obj
 0001:00002660       _lab1_01@0                 00403660 f   lab1_01.obj
 0001:000027b0       _main@0                    004037b0 f   main.obj
 0001:000027bf       _GetStdHandle@4            004037bf f   kernel32:KERNEL32.dll
 0001:000027c5       _WriteConsoleOutputCharacterA@20 004037c5 f   kernel32:KERNEL32.dll
 0001:000027cb       _ExitProcess@4             004037cb f   kernel32:KERNEL32.dll
 0001:000027d1       _CloseHandle@4             004037d1 f   kernel32:KERNEL32.dll
 0001:000027d7       _CreateFileA@28            004037d7 f   kernel32:KERNEL32.dll
 0001:000027dd       _FormatMessageA@28         004037dd f   kernel32:KERNEL32.dll
 0001:000027e3       _FlushConsoleInputBuffer@4 004037e3 f   kernel32:KERNEL32.dll
 0001:000027e9       _GetCommandLineA@0         004037e9 f   kernel32:KERNEL32.dll
 0001:000027ef       _GetConsoleMode@8          004037ef f   kernel32:KERNEL32.dll
 0001:000027f5       _GetConsoleScreenBufferInfo@8 004037f5 f   kernel32:KERNEL32.dll
 0001:000027fb       _GetLastError@0            004037fb f   kernel32:KERNEL32.dll
 0001:00002801       _GetLocalTime@4            00403801 f   kernel32:KERNEL32.dll
 0001:00002807       _GetSystemTime@4           00403807 f   kernel32:KERNEL32.dll
 0001:0000280d       _LocalFree@4               0040380d f   kernel32:KERNEL32.dll
 0001:00002813       _PeekConsoleInputA@16      00403813 f   kernel32:KERNEL32.dll
 0001:00002819       _ReadConsoleA@20           00403819 f   kernel32:KERNEL32.dll
 0001:0000281f       _ReadConsoleInputA@16      0040381f f   kernel32:KERNEL32.dll
 0001:00002825       _ReadFile@20               00403825 f   kernel32:KERNEL32.dll
 0001:0000282b       _SetConsoleCursorPosition@8 0040382b f   kernel32:KERNEL32.dll
 0001:00002831       _SetConsoleMode@8          00403831 f   kernel32:KERNEL32.dll
 0001:00002837       _SetConsoleTextAttribute@8 00403837 f   kernel32:KERNEL32.dll
 0001:0000283d       _Sleep@4                   0040383d f   kernel32:KERNEL32.dll
 0001:00002843       _SystemTimeToFileTime@8    00403843 f   kernel32:KERNEL32.dll
 0001:00002849       _WriteConsoleA@20          00403849 f   kernel32:KERNEL32.dll
 0001:0000284f       _WriteConsoleOutputAttribute@20 0040384f f   kernel32:KERNEL32.dll
 0001:00002855       _WriteFile@20              00403855 f   kernel32:KERNEL32.dll
 0001:0000285b       _MessageBoxA@16            0040385b f   user32:USER32.dll
 0004:00000000       __imp__GetStdHandle@4      00407000     kernel32:KERNEL32.dll
 0004:00000004       __imp__WriteConsoleOutputCharacterA@20 00407004     kernel32:KERNEL32.dll
 0004:00000008       __imp__ExitProcess@4       00407008     kernel32:KERNEL32.dll
 0004:0000000c       __imp__CloseHandle@4       0040700c     kernel32:KERNEL32.dll
 0004:00000010       __imp__CreateFileA@28      00407010     kernel32:KERNEL32.dll
 0004:00000014       __imp__FormatMessageA@28   00407014     kernel32:KERNEL32.dll
 0004:00000018       __imp__FlushConsoleInputBuffer@4 00407018     kernel32:KERNEL32.dll
 0004:0000001c       __imp__GetCommandLineA@0   0040701c     kernel32:KERNEL32.dll
 0004:00000020       __imp__GetConsoleMode@8    00407020     kernel32:KERNEL32.dll
 0004:00000024       __imp__GetConsoleScreenBufferInfo@8 00407024     kernel32:KERNEL32.dll
 0004:00000028       __imp__GetLastError@0      00407028     kernel32:KERNEL32.dll
 0004:0000002c       __imp__GetLocalTime@4      0040702c     kernel32:KERNEL32.dll
 0004:00000030       __imp__GetSystemTime@4     00407030     kernel32:KERNEL32.dll
 0004:00000034       __imp__LocalFree@4         00407034     kernel32:KERNEL32.dll
 0004:00000038       __imp__PeekConsoleInputA@16 00407038     kernel32:KERNEL32.dll
 0004:0000003c       __imp__ReadConsoleA@20     0040703c     kernel32:KERNEL32.dll
 0004:00000040       __imp__ReadConsoleInputA@16 00407040     kernel32:KERNEL32.dll
 0004:00000044       __imp__ReadFile@20         00407044     kernel32:KERNEL32.dll
 0004:00000048       __imp__SetConsoleCursorPosition@8 00407048     kernel32:KERNEL32.dll
 0004:0000004c       __imp__SetConsoleMode@8    0040704c     kernel32:KERNEL32.dll
 0004:00000050       __imp__SetConsoleTextAttribute@8 00407050     kernel32:KERNEL32.dll
 0004:00000054       __imp__Sleep@4             00407054     kernel32:KERNEL32.dll
 0004:00000058       __imp__SystemTimeToFileTime@8 00407058     kernel32:KERNEL32.dll
 0004:0000005c       __imp__WriteConsoleA@20    0040705c     kernel32:KERNEL32.dll
 0004:00000060       __imp__WriteConsoleOutputAttribute@20 00407060     kernel32:KERNEL32.dll
 0004:00000064       __imp__WriteFile@20        00407064     kernel32:KERNEL32.dll
 0004:00000068       \177KERNEL32_NULL_THUNK_DATA 00407068     kernel32:KERNEL32.dll
 0004:000000a8       __imp__MessageBoxA@16      004070a8     user32:USER32.dll
 0004:000000ac       \177USER32_NULL_THUNK_DATA 004070ac     user32:USER32.dll
 0004:000000d8       __IMPORT_DESCRIPTOR_KERNEL32 004070d8     kernel32:KERNEL32.dll
 0004:000000ec       __IMPORT_DESCRIPTOR_USER32 004070ec     user32:USER32.dll
 0004:00000100       __NULL_IMPORT_DESCRIPTOR   00407100     kernel32:KERNEL32.dll

 entry point at        0001:000000aa

 Static symbols

 0000:ffff6000       .debug$S                   00400000     kernel32:KERNEL32.dll
 0000:ffff6000       .debug$S                   00400000     kernel32:KERNEL32.dll
 0000:ffff6000       .debug$S                   00400000     kernel32:KERNEL32.dll
 0000:ffff6000       .debug$S                   00400000     kernel32:KERNEL32.dll
 0000:ffff6000       .debug$S                   00400000     kernel32:KERNEL32.dll
 0000:ffff6000       .debug$S                   00400000     kernel32:KERNEL32.dll
 0000:ffff6000       .debug$S                   00400000     kernel32:KERNEL32.dll
 0000:ffff6000       .debug$S                   00400000     kernel32:KERNEL32.dll
 0000:ffff6000       .debug$S                   00400000     kernel32:KERNEL32.dll
 0000:ffff6000       .debug$S                   00400000     kernel32:KERNEL32.dll
 0000:ffff6000       .debug$S                   00400000     kernel32:KERNEL32.dll
 0000:ffff6000       .debug$S                   00400000     kernel32:KERNEL32.dll
 0000:ffff6000       .debug$S                   00400000     kernel32:KERNEL32.dll
 0000:ffff6000       .debug$S                   00400000     kernel32:KERNEL32.dll
 0000:ffff6000       .debug$S                   00400000     kernel32:KERNEL32.dll
 0000:ffff6000       .debug$S                   00400000     kernel32:KERNEL32.dll
 0000:ffff6000       .debug$S                   00400000     kernel32:KERNEL32.dll
 0000:ffff6000       .debug$S                   00400000     kernel32:KERNEL32.dll
 0000:ffff6000       .debug$S                   00400000     kernel32:KERNEL32.dll
 0000:ffff6000       .debug$S                   00400000     kernel32:KERNEL32.dll
 0000:ffff6000       .debug$S                   00400000     kernel32:KERNEL32.dll
 0000:ffff6000       .debug$S                   00400000     kernel32:KERNEL32.dll
 0000:ffff6000       .debug$S                   00400000     kernel32:KERNEL32.dll
 0000:ffff6000       .debug$S                   00400000     kernel32:KERNEL32.dll
 0000:ffff6000       .debug$S                   00400000     kernel32:KERNEL32.dll
 0000:ffff6000       .debug$S                   00400000     kernel32:KERNEL32.dll
 0000:ffff6000       .debug$S                   00400000     user32:USER32.dll
 0001:00000604       _scan_for_quote@0          00401604 f   Irvine32:Irvine32.obj
 0001:0000072b       _Initialize@0              0040172b f   Irvine32:Irvine32.obj
 0001:00000b2f       _ReadKeyTranslate@0        00401b2f f   Irvine32:Irvine32.obj
 0001:000011a5       _AsciiDigit@0              004021a5 f   Irvine32:Irvine32.obj
 0001:000011ae       _HexByte@0                 004021ae f   Irvine32:Irvine32.obj
 0001:00002660       $$000000                   00403660     lab1_01.obj
 0001:000027b0       $$000000                   004037b0     main.obj
 0003:00000000       dot                        00406000     lab1_01.obj
 0003:00000001       outputHandle               00406001     lab1_01.obj
 0003:00000005       bytesWritten               00406005     lab1_01.obj
 0003:00000009       count                      00406009     lab1_01.obj
 0003:0000000d       xyPosition                 0040600d     lab1_01.obj
 0003:00000011       xyPosition2                00406011     lab1_01.obj
 0003:00000015       xyPosition3                00406015     lab1_01.obj
 0003:00000019       xyPosition4                00406019     lab1_01.obj
 0003:0000001d       cellsWritten               0040601d     lab1_01.obj
 0003:00000030       InitFlag                   00406030     Irvine32:Irvine32.obj
 0003:00000031       xtable                     00406031     Irvine32:Irvine32.obj
 0003:00000041       blanks                     00406041     Irvine32:Irvine32.obj
 0003:00000241       attribs                    00406241     Irvine32:Irvine32.obj
 0003:00000641       lineLength                 00406641     Irvine32:Irvine32.obj
 0003:00000645       cursorLoc                  00406645     Irvine32:Irvine32.obj
 0003:00000649       count                      00406649     Irvine32:Irvine32.obj
 0003:0000064d       ??0002                     0040664d     Irvine32:Irvine32.obj
 0003:00000652       dumpPrompt                 00406652     Irvine32:Irvine32.obj
 0003:00000664       dashLine                   00406664     Irvine32:Irvine32.obj
 0003:00000686       ??0003                     00406686     Irvine32:Irvine32.obj
 0003:00000689       ??0004                     00406689     Irvine32:Irvine32.obj
 0003:0000068b       ??0005                     0040668b     Irvine32:Irvine32.obj
 0003:0000068d       saveIP                     0040668d     Irvine32:Irvine32.obj
 0003:00000691       saveESP                    00406691     Irvine32:Irvine32.obj
 0003:00000695       ??0006                     00406695     Irvine32:Irvine32.obj
 0003:0000069c       ??0007                     0040669c     Irvine32:Irvine32.obj
 0003:000006a3       ??0008                     004066a3     Irvine32:Irvine32.obj
 0003:000006aa       ??0009                     004066aa     Irvine32:Irvine32.obj
 0003:000006b1       ??000A                     004066b1     Irvine32:Irvine32.obj
 0003:000006b8       ??000B                     004066b8     Irvine32:Irvine32.obj
 0003:000006bf       ??000C                     004066bf     Irvine32:Irvine32.obj
 0003:000006c6       ??000D                     004066c6     Irvine32:Irvine32.obj
 0003:000006cd       ??000E                     004066cd     Irvine32:Irvine32.obj
 0003:000006d4       ??000F                     004066d4     Irvine32:Irvine32.obj
 0003:000006db       ??0010                     004066db     Irvine32:Irvine32.obj
 0003:000006e0       ??0011                     004066e0     Irvine32:Irvine32.obj
 0003:000006e2       ??0013                     004066e2     Irvine32:Irvine32.obj
 0003:000006e7       ??0014                     004066e7     Irvine32:Irvine32.obj
 0003:000006e9       ??0016                     004066e9     Irvine32:Irvine32.obj
 0003:000006ee       ??0017                     004066ee     Irvine32:Irvine32.obj
 0003:000006f0       ??0019                     004066f0     Irvine32:Irvine32.obj
 0003:000006f5       ??001A                     004066f5     Irvine32:Irvine32.obj
 0003:000006f7       ??001C                     004066f7     Irvine32:Irvine32.obj
 0003:000006fc       ??001D                     004066fc     Irvine32:Irvine32.obj
 0003:000006fe       ??001F                     004066fe     Irvine32:Irvine32.obj
 0003:00000703       ??0020                     00406703     Irvine32:Irvine32.obj
 0003:00000705       _cursorPosition            00406705     Irvine32:Irvine32.obj
 0003:00000709       @zx02abc_def_caption       00406709     Irvine32:Irvine32.obj
 0003:0000070b       @zq02abc_def_caption       0040670b     Irvine32:Irvine32.obj
 0003:0000070d       overflow_msgL              0040670d     Irvine32:Irvine32.obj
 0003:00000728       invalid_msgL               00406728     Irvine32:Irvine32.obj
 0003:0000073b       seed                       0040673b     Irvine32:Irvine32.obj
 0003:0000073f       xbtable                    0040673f     Irvine32:Irvine32.obj
 0003:00000756       numVal                     00406756     Irvine32:Irvine32.obj
 0003:0000075a       charVal                    0040675a     Irvine32:Irvine32.obj
 0003:0000075b       evBuffer                   0040675b     Irvine32:Irvine32.obj
 0003:0000076f       evRepeat                   0040676f     Irvine32:Irvine32.obj
 0003:00000771       SpecialCases               00406771     Irvine32:Irvine32.obj
 0003:000007b2       _$$temp                    004067b2     Irvine32:Irvine32.obj
 0003:000007b6       waitmsgstr                 004067b6     Irvine32:Irvine32.obj
 0003:000007d3       bufferL                    004067d3     Irvine32:Irvine32.obj
 0003:000007e0       bufferLHB                  004067e0     Irvine32:Irvine32.obj
 0003:000007e9       buffer_B                   004067e9     Irvine32:Irvine32.obj
 0003:000007f6       neg_flag                   004067f6     Irvine32:Irvine32.obj
 0003:000007f7       LblStack                   004067f7     Irvine32:Irvine32.obj
 0003:00000804       LblFor                     00406804     Irvine32:Irvine32.obj
 0003:00000809       LblEbp                     00406809     Irvine32:Irvine32.obj
 0003:0000080f       LblParam                   0040680f     Irvine32:Irvine32.obj
 0003:0000081c       LblEbpPtr                  0040681c     Irvine32:Irvine32.obj
 0003:00000832       LblSaved                   00406832     Irvine32:Irvine32.obj
 0003:00000844       LblLocal                   00406844     Irvine32:Irvine32.obj
 0003:00000856       LblReturn                  00406856     Irvine32:Irvine32.obj
 0003:00000868       LblEsp                     00406868     Irvine32:Irvine32.obj
 0003:00000874       BadStackFrameMsg           00406874     Irvine32:Irvine32.obj
 0003:0000088f       NoName                     0040688f     Irvine32:Irvine32.obj
 0003:00000890       WriteToFile_1              00406890     Irvine32:Irvine32.obj
 0003:00000894       WriteWindowsMsg_1          00406894     Irvine32:Irvine32.obj
 0003:0000089b       WriteWindowsMsg_2          0040689b     Irvine32:Irvine32.obj
 0003:0000089e       pErrorMsg                  0040689e     Irvine32:Irvine32.obj
 0003:000008a2       messageId                  004068a2     Irvine32:Irvine32.obj
 0003:00000b60       consoleInHandle            00406b60     Irvine32:Irvine32.obj
 0003:00000b64       consoleOutHandle           00406b64     Irvine32:Irvine32.obj
 0003:00000b68       bytesWritten               00406b68     Irvine32:Irvine32.obj
 0003:00000b6c       eflags                     00406b6c     Irvine32:Irvine32.obj
 0003:00000b70       digitBuffer                00406b70     Irvine32:Irvine32.obj
 0003:00000bc1       buffer                     00406bc1     Irvine32:Irvine32.obj
 0003:00000dc1       bytesRead                  00406dc1     Irvine32:Irvine32.obj
 0003:00000dc5       sysTime                    00406dc5     Irvine32:Irvine32.obj
 0004:000003d6       .idata$6                   004073d6     kernel32:KERNEL32.dll
 0004:000003f2       .idata$6                   004073f2     user32:USER32.dll
 0005:00000170       $R000000                   00408170     * linker generated manifest res *
