 finalProjectPro

 Timestamp is 639e8e34 (Sun Dec 18 11:51:16 2022)

 Preferred load address is 00400000

 Start         Length     Name                   Class
 0001:00000000 00002740H .text                   CODE
 0001:00002740 0000365aH .text$mn                CODE
 0002:00000000 00000144H .rdata                  DATA
 0002:00000143 00000000H .edata                  DATA
 0002:00000144 00000194H .rdata$zzzdbg           DATA
 0003:00000000 00001970H .data                   DATA
 0003:00001970 000002f2H .bss                    DATA
 0004:00000000 000000e4H .idata$5                DATA
 0004:000000e4 00000028H .idata$2                DATA
 0004:0000010c 00000014H .idata$3                DATA
 0004:00000120 000000e4H .idata$4                DATA
 0004:00000204 00000391H .idata$6                DATA
 0005:00000000 00000170H .rsrc$01                DATA
 0005:00000170 000002ccH .rsrc$02                DATA

  Address         Publics by Value              Rva+Base       Lib:Object

 0000:00000000       ___AbsoluteZero            00000000     <absolute>
 0000:00000000       ___arm64x_extra_rfe_table  00000000     <absolute>
 0000:00000000       ___arm64x_extra_rfe_table_size 00000000     <absolute>
 0000:00000000       ___arm64x_native_entrypoint 00000000     <absolute>
 0000:00000000       ___arm64x_redirection_metadata 00000000     <absolute>
 0000:00000000       ___arm64x_redirection_metadata_count 00000000     <absolute>
 0000:00000000       ___dynamic_value_reloc_table 00000000     <absolute>
 0000:00000000       ___enclave_config          00000000     <absolute>
 0000:00000000       ___guard_check_icall_a64n_fptr 00000000     <absolute>
 0000:00000000       ___guard_eh_cont_count     00000000     <absolute>
 0000:00000000       ___guard_eh_cont_table     00000000     <absolute>
 0000:00000000       ___guard_fids_count        00000000     <absolute>
 0000:00000000       ___guard_fids_table        00000000     <absolute>
 0000:00000000       ___guard_flags             00000000     <absolute>
 0000:00000000       ___guard_iat_count         00000000     <absolute>
 0000:00000000       ___guard_iat_table         00000000     <absolute>
 0000:00000000       ___guard_longjmp_count     00000000     <absolute>
 0000:00000000       ___guard_longjmp_table     00000000     <absolute>
 0000:00000000       ___hybrid_auxiliary_iat    00000000     <absolute>
 0000:00000000       ___hybrid_auxiliary_iat_copy 00000000     <absolute>
 0000:00000000       ___hybrid_code_map         00000000     <absolute>
 0000:00000000       ___hybrid_code_map_count   00000000     <absolute>
 0000:00000000       ___safe_se_handler_count   00000000     <absolute>
 0000:00000000       ___safe_se_handler_table   00000000     <absolute>
 0000:00000000       ___volatile_metadata       00000000     <absolute>
 0000:00000000       ___x64_code_ranges_to_entry_points 00000000     <absolute>
 0000:00000000       ___x64_code_ranges_to_entry_points_count 00000000     <absolute>
 0001:000002c0       _CloseFile@0               004012c0 f   Irvine32:Irvine32.obj
 0001:000002c7       _Clrscr@0                  004012c7 f   Irvine32:Irvine32.obj
 0001:0000038c       _CreateOutputFile@0        0040138c f   Irvine32:Irvine32.obj
 0001:000003a5       _Crlf@0                    004013a5 f   Irvine32:Irvine32.obj
 0001:000003c0       _Delay@0                   004013c0 f   Irvine32:Irvine32.obj
 0001:000003c9       _DumpMem@0                 004013c9 f   Irvine32:Irvine32.obj
 0001:00000484       _DumpRegs@0                00401484 f   Irvine32:Irvine32.obj
 0001:0000067f       _GetCommandTail@0          0040167f f   Irvine32:Irvine32.obj
 0001:000006bc       _GetDateTime@4             004016bc f   Irvine32:Irvine32.obj
 0001:000006ee       _GetMaxXY@0                004016ee f   Irvine32:Irvine32.obj
 0001:0000071d       _GetMseconds@0             0040171d f   Irvine32:Irvine32.obj
 0001:0000077a       _GetTextColor@0            0040177a f   Irvine32:Irvine32.obj
 0001:000007a5       _Gotoxy@0                  004017a5 f   Irvine32:Irvine32.obj
 0001:000007fd       _IsDigit@0                 004017fd f   Irvine32:Irvine32.obj
 0001:0000080a       _MsgBox@0                  0040180a f   Irvine32:Irvine32.obj
 0001:00000821       _MsgBoxAsk@0               00401821 f   Irvine32:Irvine32.obj
 0001:00000840       _OpenInputFile@0           00401840 f   Irvine32:Irvine32.obj
 0001:00000859       _ParseDecimal32@0          00401859 f   Irvine32:Irvine32.obj
 0001:000008bb       _ParseInteger32@0          004018bb f   Irvine32:Irvine32.obj
 0001:00000976       _Random32@0                00401976 f   Irvine32:Irvine32.obj
 0001:00000991       _RandomRange@0             00401991 f   Irvine32:Irvine32.obj
 0001:000009a6       _Randomize@0               004019a6 f   Irvine32:Irvine32.obj
 0001:000009bf       _ReadChar@0                004019bf f   Irvine32:Irvine32.obj
 0001:000009d5       _ReadDec@0                 004019d5 f   Irvine32:Irvine32.obj
 0001:000009f0       _ReadFromFile@0            004019f0 f   Irvine32:Irvine32.obj
 0001:00000a13       _ReadHex@0                 00401a13 f   Irvine32:Irvine32.obj
 0001:00000a94       _ReadInt@0                 00401a94 f   Irvine32:Irvine32.obj
 0001:00000aaf       _ReadKey@0                 00401aaf f   Irvine32:Irvine32.obj
 0001:00000bca       _ReadKeyFlush@0            00401bca f   Irvine32:Irvine32.obj
 0001:00000c98       _ReadString@0              00401c98 f   Irvine32:Irvine32.obj
 0001:00000d51       _SetTextColor@0            00401d51 f   Irvine32:Irvine32.obj
 0001:00000d72       _StrLength@0               00401d72 f   Irvine32:Irvine32.obj
 0001:00000d83       _Str_compare@8             00401d83 f   Irvine32:Irvine32.obj
 0001:00000dad       _Str_copy@8                00401dad f   Irvine32:Irvine32.obj
 0001:00000dd0       _Str_length@4              00401dd0 f   Irvine32:Irvine32.obj
 0001:00000dea       _Str_trim@8                00401dea f   Irvine32:Irvine32.obj
 0001:00000e18       _Str_ucase@4               00401e18 f   Irvine32:Irvine32.obj
 0001:00000e3a       _WaitMsg@0                 00401e3a f   Irvine32:Irvine32.obj
 0001:00000e4c       _WriteBin@0                00401e4c f   Irvine32:Irvine32.obj
 0001:00000e59       _WriteBinB@0               00401e59 f   Irvine32:Irvine32.obj
 0001:00000eac       _WriteChar@0               00401eac f   Irvine32:Irvine32.obj
 0001:00000ede       _WriteDec@0                00401ede f   Irvine32:Irvine32.obj
 0001:00000f1f       _WriteHex@0                00401f1f f   Irvine32:Irvine32.obj
 0001:00000f2c       _WriteHexB@0               00401f2c f   Irvine32:Irvine32.obj
 0001:00000fbe       _WriteInt@0                00401fbe f   Irvine32:Irvine32.obj
 0001:0000101f       _WriteStackFrameName@16    0040201f f   Irvine32:Irvine32.obj
 0001:0000119f       _WriteStackFrame@12        0040219f f   Irvine32:Irvine32.obj
 0001:000011b9       _WriteString@0             004021b9 f   Irvine32:Irvine32.obj
 0001:000011e5       _WriteToFile@0             004021e5 f   Irvine32:Irvine32.obj
 0001:000011fa       _WriteWindowsMsg@0         004021fa f   Irvine32:Irvine32.obj
 0001:00002740       _main@0                    00403740 f   main.obj
 0001:00003cbf       _printStartScene@0         00404cbf f   main.obj
 0001:00003e87       _printGameStage@0          00404e87 f   main.obj
 0001:0000400d       _printEndScene@0           0040500d f   main.obj
 0001:0000422c       _printLevel@4              0040522c f   main.obj
 0001:0000426a       _printScore@4              0040526a f   main.obj
 0001:000042a8       _printLives@4              004052a8 f   main.obj
 0001:000042e6       _printBogys@4              004052e6 f   main.obj
 0001:00004324       _bogyWalking@4             00405324 f   main.obj
 0001:0000435c       _bogyClear@4               0040535c f   main.obj
 0001:00004394       _tankWalking@4             00405394 f   main.obj
 0001:000043cc       _tankClear@4               004053cc f   main.obj
 0001:00004404       _noWorkWalking@4           00405404 f   main.obj
 0001:00004427       _noWorkClear@4             00405427 f   main.obj
 0001:0000444a       _printGreenLine@4          0040544a f   main.obj
 0001:000044a3       _decStrLevel@4             004054a3 f   main.obj
 0001:000044c9       _decStrScore@4             004054c9 f   main.obj
 0001:000044ef       _decStrLives@4             004054ef f   main.obj
 0001:00004515       _decStrBogys@4             00405515 f   main.obj
 0001:00004cb9       _ExitProcess@4             00405cb9 f   kernel32:KERNEL32.dll
 0001:00004cbf       _GetStdHandle@4            00405cbf f   kernel32:KERNEL32.dll
 0001:00004cc5       _SetConsoleCursorInfo@8    00405cc5 f   kernel32:KERNEL32.dll
 0001:00004ccb       _SetConsoleTitleA@4        00405ccb f   kernel32:KERNEL32.dll
 0001:00004cd1       _SetConsoleWindowInfo@12   00405cd1 f   kernel32:KERNEL32.dll
 0001:00004cd7       _WriteConsoleOutputCharacterA@20 00405cd7 f   kernel32:KERNEL32.dll
 0001:00004cdd       _WriteConsoleOutputAttribute@20 00405cdd f   kernel32:KERNEL32.dll
 0001:00004ce3       _CloseHandle@4             00405ce3 f   kernel32:KERNEL32.dll
 0001:00004ce9       _CreateFileA@28            00405ce9 f   kernel32:KERNEL32.dll
 0001:00004cef       _FormatMessageA@28         00405cef f   kernel32:KERNEL32.dll
 0001:00004cf5       _FlushConsoleInputBuffer@4 00405cf5 f   kernel32:KERNEL32.dll
 0001:00004cfb       _GetCommandLineA@0         00405cfb f   kernel32:KERNEL32.dll
 0001:00004d01       _GetConsoleMode@8          00405d01 f   kernel32:KERNEL32.dll
 0001:00004d07       _GetConsoleScreenBufferInfo@8 00405d07 f   kernel32:KERNEL32.dll
 0001:00004d0d       _GetLastError@0            00405d0d f   kernel32:KERNEL32.dll
 0001:00004d13       _GetLocalTime@4            00405d13 f   kernel32:KERNEL32.dll
 0001:00004d19       _GetSystemTime@4           00405d19 f   kernel32:KERNEL32.dll
 0001:00004d1f       _LocalFree@4               00405d1f f   kernel32:KERNEL32.dll
 0001:00004d25       _PeekConsoleInputA@16      00405d25 f   kernel32:KERNEL32.dll
 0001:00004d2b       _ReadConsoleA@20           00405d2b f   kernel32:KERNEL32.dll
 0001:00004d31       _ReadConsoleInputA@16      00405d31 f   kernel32:KERNEL32.dll
 0001:00004d37       _ReadFile@20               00405d37 f   kernel32:KERNEL32.dll
 0001:00004d3d       _SetConsoleCursorPosition@8 00405d3d f   kernel32:KERNEL32.dll
 0001:00004d43       _SetConsoleMode@8          00405d43 f   kernel32:KERNEL32.dll
 0001:00004d49       _SetConsoleTextAttribute@8 00405d49 f   kernel32:KERNEL32.dll
 0001:00004d4f       _Sleep@4                   00405d4f f   kernel32:KERNEL32.dll
 0001:00004d55       _SystemTimeToFileTime@8    00405d55 f   kernel32:KERNEL32.dll
 0001:00004d5b       _WriteConsoleA@20          00405d5b f   kernel32:KERNEL32.dll
 0001:00004d61       _WriteFile@20              00405d61 f   kernel32:KERNEL32.dll
 0001:00004d67       _MessageBoxA@16            00405d67 f   user32:USER32.dll
 0004:00000000       __imp__ExitProcess@4       0040a000     kernel32:KERNEL32.dll
 0004:00000004       __imp__GetStdHandle@4      0040a004     kernel32:KERNEL32.dll
 0004:00000008       __imp__SetConsoleCursorInfo@8 0040a008     kernel32:KERNEL32.dll
 0004:0000000c       __imp__SetConsoleTitleA@4  0040a00c     kernel32:KERNEL32.dll
 0004:00000010       __imp__SetConsoleWindowInfo@12 0040a010     kernel32:KERNEL32.dll
 0004:00000014       __imp__WriteConsoleOutputCharacterA@20 0040a014     kernel32:KERNEL32.dll
 0004:00000018       __imp__WriteConsoleOutputAttribute@20 0040a018     kernel32:KERNEL32.dll
 0004:0000001c       __imp__CloseHandle@4       0040a01c     kernel32:KERNEL32.dll
 0004:00000020       __imp__CreateFileA@28      0040a020     kernel32:KERNEL32.dll
 0004:00000024       __imp__FormatMessageA@28   0040a024     kernel32:KERNEL32.dll
 0004:00000028       __imp__FlushConsoleInputBuffer@4 0040a028     kernel32:KERNEL32.dll
 0004:0000002c       __imp__GetCommandLineA@0   0040a02c     kernel32:KERNEL32.dll
 0004:00000030       __imp__GetConsoleMode@8    0040a030     kernel32:KERNEL32.dll
 0004:00000034       __imp__GetConsoleScreenBufferInfo@8 0040a034     kernel32:KERNEL32.dll
 0004:00000038       __imp__GetLastError@0      0040a038     kernel32:KERNEL32.dll
 0004:0000003c       __imp__GetLocalTime@4      0040a03c     kernel32:KERNEL32.dll
 0004:00000040       __imp__GetSystemTime@4     0040a040     kernel32:KERNEL32.dll
 0004:00000044       __imp__LocalFree@4         0040a044     kernel32:KERNEL32.dll
 0004:00000048       __imp__PeekConsoleInputA@16 0040a048     kernel32:KERNEL32.dll
 0004:0000004c       __imp__ReadConsoleA@20     0040a04c     kernel32:KERNEL32.dll
 0004:00000050       __imp__ReadConsoleInputA@16 0040a050     kernel32:KERNEL32.dll
 0004:00000054       __imp__ReadFile@20         0040a054     kernel32:KERNEL32.dll
 0004:00000058       __imp__SetConsoleCursorPosition@8 0040a058     kernel32:KERNEL32.dll
 0004:0000005c       __imp__SetConsoleMode@8    0040a05c     kernel32:KERNEL32.dll
 0004:00000060       __imp__SetConsoleTextAttribute@8 0040a060     kernel32:KERNEL32.dll
 0004:00000064       __imp__Sleep@4             0040a064     kernel32:KERNEL32.dll
 0004:00000068       __imp__SystemTimeToFileTime@8 0040a068     kernel32:KERNEL32.dll
 0004:0000006c       __imp__WriteConsoleA@20    0040a06c     kernel32:KERNEL32.dll
 0004:00000070       __imp__WriteFile@20        0040a070     kernel32:KERNEL32.dll
 0004:00000074       \177KERNEL32_NULL_THUNK_DATA 0040a074     kernel32:KERNEL32.dll
 0004:000000b4       __imp__MessageBoxA@16      0040a0b4     user32:USER32.dll
 0004:000000b8       \177USER32_NULL_THUNK_DATA 0040a0b8     user32:USER32.dll
 0004:000000e4       __IMPORT_DESCRIPTOR_KERNEL32 0040a0e4     kernel32:KERNEL32.dll
 0004:000000f8       __IMPORT_DESCRIPTOR_USER32 0040a0f8     user32:USER32.dll
 0004:0000010c       __NULL_IMPORT_DESCRIPTOR   0040a10c     kernel32:KERNEL32.dll

 entry point at        0001:000000eb

 Static symbols

 0000:ffff3000       .debug$S                   00400000     kernel32:KERNEL32.dll
 0000:ffff3000       .debug$S                   00400000     kernel32:KERNEL32.dll
 0000:ffff3000       .debug$S                   00400000     kernel32:KERNEL32.dll
 0000:ffff3000       .debug$S                   00400000     kernel32:KERNEL32.dll
 0000:ffff3000       .debug$S                   00400000     kernel32:KERNEL32.dll
 0000:ffff3000       .debug$S                   00400000     kernel32:KERNEL32.dll
 0000:ffff3000       .debug$S                   00400000     kernel32:KERNEL32.dll
 0000:ffff3000       .debug$S                   00400000     kernel32:KERNEL32.dll
 0000:ffff3000       .debug$S                   00400000     kernel32:KERNEL32.dll
 0000:ffff3000       .debug$S                   00400000     kernel32:KERNEL32.dll
 0000:ffff3000       .debug$S                   00400000     kernel32:KERNEL32.dll
 0000:ffff3000       .debug$S                   00400000     kernel32:KERNEL32.dll
 0000:ffff3000       .debug$S                   00400000     kernel32:KERNEL32.dll
 0000:ffff3000       .debug$S                   00400000     kernel32:KERNEL32.dll
 0000:ffff3000       .debug$S                   00400000     kernel32:KERNEL32.dll
 0000:ffff3000       .debug$S                   00400000     kernel32:KERNEL32.dll
 0000:ffff3000       .debug$S                   00400000     kernel32:KERNEL32.dll
 0000:ffff3000       .debug$S                   00400000     kernel32:KERNEL32.dll
 0000:ffff3000       .debug$S                   00400000     kernel32:KERNEL32.dll
 0000:ffff3000       .debug$S                   00400000     kernel32:KERNEL32.dll
 0000:ffff3000       .debug$S                   00400000     kernel32:KERNEL32.dll
 0000:ffff3000       .debug$S                   00400000     kernel32:KERNEL32.dll
 0000:ffff3000       .debug$S                   00400000     kernel32:KERNEL32.dll
 0000:ffff3000       .debug$S                   00400000     kernel32:KERNEL32.dll
 0000:ffff3000       .debug$S                   00400000     kernel32:KERNEL32.dll
 0000:ffff3000       .debug$S                   00400000     kernel32:KERNEL32.dll
 0000:ffff3000       .debug$S                   00400000     kernel32:KERNEL32.dll
 0000:ffff3000       .debug$S                   00400000     kernel32:KERNEL32.dll
 0000:ffff3000       .debug$S                   00400000     kernel32:KERNEL32.dll
 0000:ffff3000       .debug$S                   00400000     user32:USER32.dll
 0001:000006b4       _scan_for_quote@0          004016b4 f   Irvine32:Irvine32.obj
 0001:000007db       _Initialize@0              004017db f   Irvine32:Irvine32.obj
 0001:00000bdf       _ReadKeyTranslate@0        00401bdf f   Irvine32:Irvine32.obj
 0001:00001255       _AsciiDigit@0              00402255 f   Irvine32:Irvine32.obj
 0001:0000125e       _HexByte@0                 0040225e f   Irvine32:Irvine32.obj
 0001:00002740       $$000000                   00403740     main.obj
 0003:00000000       windowTitleStr             00408000     main.obj
 0003:00000012       windowBound                00408012     main.obj
 0003:0000001a       consoleHandle              0040801a     main.obj
 0003:0000001e       xyPos                      0040801e     main.obj
 0003:00000022       xyPosTank                  00408022     main.obj
 0003:00000026       xyPosNoWork0               00408026     main.obj
 0003:0000002a       xyPosNoWork1               0040802a     main.obj
 0003:0000002e       xyPosNoWork2               0040802e     main.obj
 0003:00000032       xyPosNoWork3               00408032     main.obj
 0003:00000036       xyPosNoWork4               00408036     main.obj
 0003:0000003a       xyPosNoWork5               0040803a     main.obj
 0003:0000003e       xyPosNoWork6               0040803e     main.obj
 0003:00000042       xyPosNoWork7               00408042     main.obj
 0003:00000046       xyPosNoWork8               00408046     main.obj
 0003:0000004a       xyPosNoWork9               0040804a     main.obj
 0003:0000004e       xyPosNoWork10              0040804e     main.obj
 0003:00000052       xyPosNoWork11              00408052     main.obj
 0003:00000056       xyPosNoWork12              00408056     main.obj
 0003:0000005a       xyPosNoWork13              0040805a     main.obj
 0003:0000005e       xyPosNoWork14              0040805e     main.obj
 0003:00000062       xyPosNoWork15              00408062     main.obj
 0003:00000066       xyPosNoWork16              00408066     main.obj
 0003:0000006a       xyPosNoWork17              0040806a     main.obj
 0003:0000006e       xyPosNoWork18              0040806e     main.obj
 0003:00000072       xyPosNoWork19              00408072     main.obj
 0003:00000076       xyPosNoWork20              00408076     main.obj
 0003:0000007a       N0                         0040807a     main.obj
 0003:0000007c       N1                         0040807c     main.obj
 0003:0000007e       N2                         0040807e     main.obj
 0003:00000080       N3                         00408080     main.obj
 0003:00000082       N4                         00408082     main.obj
 0003:00000084       N5                         00408084     main.obj
 0003:00000086       N6                         00408086     main.obj
 0003:00000088       N7                         00408088     main.obj
 0003:0000008a       N8                         0040808a     main.obj
 0003:0000008c       N9                         0040808c     main.obj
 0003:0000008e       N10                        0040808e     main.obj
 0003:00000090       N11                        00408090     main.obj
 0003:00000092       N12                        00408092     main.obj
 0003:00000094       N13                        00408094     main.obj
 0003:00000096       N14                        00408096     main.obj
 0003:00000098       N15                        00408098     main.obj
 0003:0000009a       N16                        0040809a     main.obj
 0003:0000009c       N17                        0040809c     main.obj
 0003:0000009e       N18                        0040809e     main.obj
 0003:000000a0       N19                        004080a0     main.obj
 0003:000000a2       N20                        004080a2     main.obj
 0003:000000a4       xyPosBogy0                 004080a4     main.obj
 0003:000000a8       xyPosBogy1                 004080a8     main.obj
 0003:000000ac       xyPosBogy2                 004080ac     main.obj
 0003:000000b0       xyPosBogy3                 004080b0     main.obj
 0003:000000b4       xyPosBogy4                 004080b4     main.obj
 0003:000000b8       xyPosBogy5                 004080b8     main.obj
 0003:000000bc       cells_Written              004080bc     main.obj
 0003:000000c0       startStr                   004080c0     main.obj
 0003:00000348       enterMsg                   00408348     main.obj
 0003:0000035b       leaveMsg                   0040835b     main.obj
 0003:0000036e       restart                    0040836e     main.obj
 0003:00000383       startTank                  00408383     main.obj
 0003:0000042b       startBogy                  0040842b     main.obj
 0003:0000044e       gameIntro                  0040844e     main.obj
 0003:0000089f       gameTank                   0040889f     main.obj
 0003:000008b7       clearTank                  004088b7     main.obj
 0003:000008cf       gameBogy                   004088cf     main.obj
 0003:000008de       clearBogy                  004088de     main.obj
 0003:000008ed       bullet                     004088ed     main.obj
 0003:000008f4       clearBullet                004088f4     main.obj
 0003:000008fb       line                       004088fb     main.obj
 0003:000008fd       greenColor                 004088fd     main.obj
 0003:000008ff       yellowColor                004088ff     main.obj
 0003:00000901       level                      00408901     main.obj
 0003:00000909       state                      00408909     main.obj
 0003:00000911       score                      00408911     main.obj
 0003:00000919       lives                      00408919     main.obj
 0003:00000921       bogys                      00408921     main.obj
 0003:00000929       levelNum                   00408929     main.obj
 0003:0000092b       levelStr                   0040892b     main.obj
 0003:0000092f       paused                     0040892f     main.obj
 0003:00000937       playing                    00408937     main.obj
 0003:0000093f       scoreNum                   0040893f     main.obj
 0003:00000941       scoreStr                   00408941     main.obj
 0003:00000945       livesNum                   00408945     main.obj
 0003:00000947       livesStr                   00408947     main.obj
 0003:0000094b       bogysNum                   0040894b     main.obj
 0003:0000094d       bogysStr                   0040894d     main.obj
 0003:00000951       gameBgTB                   00408951     main.obj
 0003:000009c0       gameBgM                    004089c0     main.obj
 0003:00000a2f       winStr                     00408a2f     main.obj
 0003:00000b07       loseStr                    00408b07     main.obj
 0003:00000e40       InitFlag                   00408e40     Irvine32:Irvine32.obj
 0003:00000e41       xtable                     00408e41     Irvine32:Irvine32.obj
 0003:00000e51       blanks                     00408e51     Irvine32:Irvine32.obj
 0003:00001051       attribs                    00409051     Irvine32:Irvine32.obj
 0003:00001451       lineLength                 00409451     Irvine32:Irvine32.obj
 0003:00001455       cursorLoc                  00409455     Irvine32:Irvine32.obj
 0003:00001459       count                      00409459     Irvine32:Irvine32.obj
 0003:0000145d       ??0002                     0040945d     Irvine32:Irvine32.obj
 0003:00001462       dumpPrompt                 00409462     Irvine32:Irvine32.obj
 0003:00001474       dashLine                   00409474     Irvine32:Irvine32.obj
 0003:00001496       ??0003                     00409496     Irvine32:Irvine32.obj
 0003:00001499       ??0004                     00409499     Irvine32:Irvine32.obj
 0003:0000149b       ??0005                     0040949b     Irvine32:Irvine32.obj
 0003:0000149d       saveIP                     0040949d     Irvine32:Irvine32.obj
 0003:000014a1       saveESP                    004094a1     Irvine32:Irvine32.obj
 0003:000014a5       ??0006                     004094a5     Irvine32:Irvine32.obj
 0003:000014ac       ??0007                     004094ac     Irvine32:Irvine32.obj
 0003:000014b3       ??0008                     004094b3     Irvine32:Irvine32.obj
 0003:000014ba       ??0009                     004094ba     Irvine32:Irvine32.obj
 0003:000014c1       ??000A                     004094c1     Irvine32:Irvine32.obj
 0003:000014c8       ??000B                     004094c8     Irvine32:Irvine32.obj
 0003:000014cf       ??000C                     004094cf     Irvine32:Irvine32.obj
 0003:000014d6       ??000D                     004094d6     Irvine32:Irvine32.obj
 0003:000014dd       ??000E                     004094dd     Irvine32:Irvine32.obj
 0003:000014e4       ??000F                     004094e4     Irvine32:Irvine32.obj
 0003:000014eb       ??0010                     004094eb     Irvine32:Irvine32.obj
 0003:000014f0       ??0011                     004094f0     Irvine32:Irvine32.obj
 0003:000014f2       ??0013                     004094f2     Irvine32:Irvine32.obj
 0003:000014f7       ??0014                     004094f7     Irvine32:Irvine32.obj
 0003:000014f9       ??0016                     004094f9     Irvine32:Irvine32.obj
 0003:000014fe       ??0017                     004094fe     Irvine32:Irvine32.obj
 0003:00001500       ??0019                     00409500     Irvine32:Irvine32.obj
 0003:00001505       ??001A                     00409505     Irvine32:Irvine32.obj
 0003:00001507       ??001C                     00409507     Irvine32:Irvine32.obj
 0003:0000150c       ??001D                     0040950c     Irvine32:Irvine32.obj
 0003:0000150e       ??001F                     0040950e     Irvine32:Irvine32.obj
 0003:00001513       ??0020                     00409513     Irvine32:Irvine32.obj
 0003:00001515       _cursorPosition            00409515     Irvine32:Irvine32.obj
 0003:00001519       @zx02abc_def_caption       00409519     Irvine32:Irvine32.obj
 0003:0000151b       @zq02abc_def_caption       0040951b     Irvine32:Irvine32.obj
 0003:0000151d       overflow_msgL              0040951d     Irvine32:Irvine32.obj
 0003:00001538       invalid_msgL               00409538     Irvine32:Irvine32.obj
 0003:0000154b       seed                       0040954b     Irvine32:Irvine32.obj
 0003:0000154f       xbtable                    0040954f     Irvine32:Irvine32.obj
 0003:00001566       numVal                     00409566     Irvine32:Irvine32.obj
 0003:0000156a       charVal                    0040956a     Irvine32:Irvine32.obj
 0003:0000156b       evBuffer                   0040956b     Irvine32:Irvine32.obj
 0003:0000157f       evRepeat                   0040957f     Irvine32:Irvine32.obj
 0003:00001581       SpecialCases               00409581     Irvine32:Irvine32.obj
 0003:000015c2       _$$temp                    004095c2     Irvine32:Irvine32.obj
 0003:000015c6       waitmsgstr                 004095c6     Irvine32:Irvine32.obj
 0003:000015e3       bufferL                    004095e3     Irvine32:Irvine32.obj
 0003:000015f0       bufferLHB                  004095f0     Irvine32:Irvine32.obj
 0003:000015f9       buffer_B                   004095f9     Irvine32:Irvine32.obj
 0003:00001606       neg_flag                   00409606     Irvine32:Irvine32.obj
 0003:00001607       LblStack                   00409607     Irvine32:Irvine32.obj
 0003:00001614       LblFor                     00409614     Irvine32:Irvine32.obj
 0003:00001619       LblEbp                     00409619     Irvine32:Irvine32.obj
 0003:0000161f       LblParam                   0040961f     Irvine32:Irvine32.obj
 0003:0000162c       LblEbpPtr                  0040962c     Irvine32:Irvine32.obj
 0003:00001642       LblSaved                   00409642     Irvine32:Irvine32.obj
 0003:00001654       LblLocal                   00409654     Irvine32:Irvine32.obj
 0003:00001666       LblReturn                  00409666     Irvine32:Irvine32.obj
 0003:00001678       LblEsp                     00409678     Irvine32:Irvine32.obj
 0003:00001684       BadStackFrameMsg           00409684     Irvine32:Irvine32.obj
 0003:0000169f       NoName                     0040969f     Irvine32:Irvine32.obj
 0003:000016a0       WriteToFile_1              004096a0     Irvine32:Irvine32.obj
 0003:000016a4       WriteWindowsMsg_1          004096a4     Irvine32:Irvine32.obj
 0003:000016ab       WriteWindowsMsg_2          004096ab     Irvine32:Irvine32.obj
 0003:000016ae       pErrorMsg                  004096ae     Irvine32:Irvine32.obj
 0003:000016b2       messageId                  004096b2     Irvine32:Irvine32.obj
 0003:00001970       consoleInHandle            00409970     Irvine32:Irvine32.obj
 0003:00001974       consoleOutHandle           00409974     Irvine32:Irvine32.obj
 0003:00001978       bytesWritten               00409978     Irvine32:Irvine32.obj
 0003:0000197c       eflags                     0040997c     Irvine32:Irvine32.obj
 0003:00001980       digitBuffer                00409980     Irvine32:Irvine32.obj
 0003:000019d1       buffer                     004099d1     Irvine32:Irvine32.obj
 0003:00001bd1       bytesRead                  00409bd1     Irvine32:Irvine32.obj
 0003:00001bd5       sysTime                    00409bd5     Irvine32:Irvine32.obj
 0004:00000432       .idata$6                   0040a432     kernel32:KERNEL32.dll
 0004:0000044e       .idata$6                   0040a44e     user32:USER32.dll
 0005:00000170       $R000000                   0040b170     * linker generated manifest res *
