 finalProjectPro

 Timestamp is 639eda26 (Sun Dec 18 17:15:18 2022)

 Preferred load address is 00400000

 Start         Length     Name                   Class
 0001:00000000 00002750H .text                   CODE
 0001:00002750 00003cfcH .text$mn                CODE
 0002:00000000 00000144H .rdata                  DATA
 0002:00000143 00000000H .edata                  DATA
 0002:00000144 00000194H .rdata$zzzdbg           DATA
 0003:00000000 000019c0H .data                   DATA
 0003:000019c0 000002f2H .bss                    DATA
 0004:00000000 000000e4H .idata$5                DATA
 0004:000000e4 00000028H .idata$2                DATA
 0004:0000010c 00000014H .idata$3                DATA
 0004:00000120 000000e4H .idata$4                DATA
 0004:00000204 00000391H .idata$6                DATA
 0005:00000000 00000170H .rsrc$01                DATA
 0005:00000170 000002ccH .rsrc$02                DATA

  Address         Publics by Value              Rva+Base       Lib:Object

 0000:00000000       ___AbsoluteZero            00000000     <absolute>
 0000:00000000       ___arm64x_extra_rfe_table  00000000     <absolute>
 0000:00000000       ___arm64x_extra_rfe_table_size 00000000     <absolute>
 0000:00000000       ___arm64x_native_entrypoint 00000000     <absolute>
 0000:00000000       ___arm64x_redirection_metadata 00000000     <absolute>
 0000:00000000       ___arm64x_redirection_metadata_count 00000000     <absolute>
 0000:00000000       ___dynamic_value_reloc_table 00000000     <absolute>
 0000:00000000       ___enclave_config          00000000     <absolute>
 0000:00000000       ___guard_check_icall_a64n_fptr 00000000     <absolute>
 0000:00000000       ___guard_eh_cont_count     00000000     <absolute>
 0000:00000000       ___guard_eh_cont_table     00000000     <absolute>
 0000:00000000       ___guard_fids_count        00000000     <absolute>
 0000:00000000       ___guard_fids_table        00000000     <absolute>
 0000:00000000       ___guard_flags             00000000     <absolute>
 0000:00000000       ___guard_iat_count         00000000     <absolute>
 0000:00000000       ___guard_iat_table         00000000     <absolute>
 0000:00000000       ___guard_longjmp_count     00000000     <absolute>
 0000:00000000       ___guard_longjmp_table     00000000     <absolute>
 0000:00000000       ___hybrid_auxiliary_iat    00000000     <absolute>
 0000:00000000       ___hybrid_auxiliary_iat_copy 00000000     <absolute>
 0000:00000000       ___hybrid_code_map         00000000     <absolute>
 0000:00000000       ___hybrid_code_map_count   00000000     <absolute>
 0000:00000000       ___safe_se_handler_count   00000000     <absolute>
 0000:00000000       ___safe_se_handler_table   00000000     <absolute>
 0000:00000000       ___volatile_metadata       00000000     <absolute>
 0000:00000000       ___x64_code_ranges_to_entry_points 00000000     <absolute>
 0000:00000000       ___x64_code_ranges_to_entry_points_count 00000000     <absolute>
 0001:000002d0       _CloseFile@0               004012d0 f   Irvine32:Irvine32.obj
 0001:000002d7       _Clrscr@0                  004012d7 f   Irvine32:Irvine32.obj
 0001:0000039c       _CreateOutputFile@0        0040139c f   Irvine32:Irvine32.obj
 0001:000003b5       _Crlf@0                    004013b5 f   Irvine32:Irvine32.obj
 0001:000003d0       _Delay@0                   004013d0 f   Irvine32:Irvine32.obj
 0001:000003d9       _DumpMem@0                 004013d9 f   Irvine32:Irvine32.obj
 0001:00000494       _DumpRegs@0                00401494 f   Irvine32:Irvine32.obj
 0001:0000068f       _GetCommandTail@0          0040168f f   Irvine32:Irvine32.obj
 0001:000006cc       _GetDateTime@4             004016cc f   Irvine32:Irvine32.obj
 0001:000006fe       _GetMaxXY@0                004016fe f   Irvine32:Irvine32.obj
 0001:0000072d       _GetMseconds@0             0040172d f   Irvine32:Irvine32.obj
 0001:0000078a       _GetTextColor@0            0040178a f   Irvine32:Irvine32.obj
 0001:000007b5       _Gotoxy@0                  004017b5 f   Irvine32:Irvine32.obj
 0001:0000080d       _IsDigit@0                 0040180d f   Irvine32:Irvine32.obj
 0001:0000081a       _MsgBox@0                  0040181a f   Irvine32:Irvine32.obj
 0001:00000831       _MsgBoxAsk@0               00401831 f   Irvine32:Irvine32.obj
 0001:00000850       _OpenInputFile@0           00401850 f   Irvine32:Irvine32.obj
 0001:00000869       _ParseDecimal32@0          00401869 f   Irvine32:Irvine32.obj
 0001:000008cb       _ParseInteger32@0          004018cb f   Irvine32:Irvine32.obj
 0001:00000986       _Random32@0                00401986 f   Irvine32:Irvine32.obj
 0001:000009a1       _RandomRange@0             004019a1 f   Irvine32:Irvine32.obj
 0001:000009b6       _Randomize@0               004019b6 f   Irvine32:Irvine32.obj
 0001:000009cf       _ReadChar@0                004019cf f   Irvine32:Irvine32.obj
 0001:000009e5       _ReadDec@0                 004019e5 f   Irvine32:Irvine32.obj
 0001:00000a00       _ReadFromFile@0            00401a00 f   Irvine32:Irvine32.obj
 0001:00000a23       _ReadHex@0                 00401a23 f   Irvine32:Irvine32.obj
 0001:00000aa4       _ReadInt@0                 00401aa4 f   Irvine32:Irvine32.obj
 0001:00000abf       _ReadKey@0                 00401abf f   Irvine32:Irvine32.obj
 0001:00000bda       _ReadKeyFlush@0            00401bda f   Irvine32:Irvine32.obj
 0001:00000ca8       _ReadString@0              00401ca8 f   Irvine32:Irvine32.obj
 0001:00000d61       _SetTextColor@0            00401d61 f   Irvine32:Irvine32.obj
 0001:00000d82       _StrLength@0               00401d82 f   Irvine32:Irvine32.obj
 0001:00000d93       _Str_compare@8             00401d93 f   Irvine32:Irvine32.obj
 0001:00000dbd       _Str_copy@8                00401dbd f   Irvine32:Irvine32.obj
 0001:00000de0       _Str_length@4              00401de0 f   Irvine32:Irvine32.obj
 0001:00000dfa       _Str_trim@8                00401dfa f   Irvine32:Irvine32.obj
 0001:00000e28       _Str_ucase@4               00401e28 f   Irvine32:Irvine32.obj
 0001:00000e4a       _WaitMsg@0                 00401e4a f   Irvine32:Irvine32.obj
 0001:00000e5c       _WriteBin@0                00401e5c f   Irvine32:Irvine32.obj
 0001:00000e69       _WriteBinB@0               00401e69 f   Irvine32:Irvine32.obj
 0001:00000ebc       _WriteChar@0               00401ebc f   Irvine32:Irvine32.obj
 0001:00000eee       _WriteDec@0                00401eee f   Irvine32:Irvine32.obj
 0001:00000f2f       _WriteHex@0                00401f2f f   Irvine32:Irvine32.obj
 0001:00000f3c       _WriteHexB@0               00401f3c f   Irvine32:Irvine32.obj
 0001:00000fce       _WriteInt@0                00401fce f   Irvine32:Irvine32.obj
 0001:0000102f       _WriteStackFrameName@16    0040202f f   Irvine32:Irvine32.obj
 0001:000011af       _WriteStackFrame@12        004021af f   Irvine32:Irvine32.obj
 0001:000011c9       _WriteString@0             004021c9 f   Irvine32:Irvine32.obj
 0001:000011f5       _WriteToFile@0             004021f5 f   Irvine32:Irvine32.obj
 0001:0000120a       _WriteWindowsMsg@0         0040220a f   Irvine32:Irvine32.obj
 0001:00002750       _main@0                    00403750 f   main.obj
 0001:000040c8       _printStartScene@0         004050c8 f   main.obj
 0001:00004295       _printGameStage@0          00405295 f   main.obj
 0001:0000441b       _printEndScene@0           0040541b f   main.obj
 0001:00004691       _printLevel@4              00405691 f   main.obj
 0001:000046cf       _printScore@4              004056cf f   main.obj
 0001:0000470d       _printLives@4              0040570d f   main.obj
 0001:0000474b       _printBogys@4              0040574b f   main.obj
 0001:00004789       _initialLevelBogyPos@0     00405789 f   main.obj
 0001:00004882       _bogyWalking@4             00405882 f   main.obj
 0001:000048ba       _bogyClear@4               004058ba f   main.obj
 0001:000048f2       _tankWalking@4             004058f2 f   main.obj
 0001:0000492a       _tankClear@4               0040592a f   main.obj
 0001:00004962       _noWorkWalking@4           00405962 f   main.obj
 0001:00004985       _noWorkClear@4             00405985 f   main.obj
 0001:000049a8       _printGreenLine@4          004059a8 f   main.obj
 0001:00004a01       _decStrLevel@4             00405a01 f   main.obj
 0001:00004a27       _decStrScore@4             00405a27 f   main.obj
 0001:00004a4d       _decStrLives@4             00405a4d f   main.obj
 0001:00004a73       _decStrBogys@4             00405a73 f   main.obj
 0001:0000536b       _ExitProcess@4             0040636b f   kernel32:KERNEL32.dll
 0001:00005371       _GetStdHandle@4            00406371 f   kernel32:KERNEL32.dll
 0001:00005377       _SetConsoleCursorInfo@8    00406377 f   kernel32:KERNEL32.dll
 0001:0000537d       _SetConsoleTitleA@4        0040637d f   kernel32:KERNEL32.dll
 0001:00005383       _SetConsoleWindowInfo@12   00406383 f   kernel32:KERNEL32.dll
 0001:00005389       _WriteConsoleOutputCharacterA@20 00406389 f   kernel32:KERNEL32.dll
 0001:0000538f       _WriteConsoleOutputAttribute@20 0040638f f   kernel32:KERNEL32.dll
 0001:00005395       _CloseHandle@4             00406395 f   kernel32:KERNEL32.dll
 0001:0000539b       _CreateFileA@28            0040639b f   kernel32:KERNEL32.dll
 0001:000053a1       _FormatMessageA@28         004063a1 f   kernel32:KERNEL32.dll
 0001:000053a7       _FlushConsoleInputBuffer@4 004063a7 f   kernel32:KERNEL32.dll
 0001:000053ad       _GetCommandLineA@0         004063ad f   kernel32:KERNEL32.dll
 0001:000053b3       _GetConsoleMode@8          004063b3 f   kernel32:KERNEL32.dll
 0001:000053b9       _GetConsoleScreenBufferInfo@8 004063b9 f   kernel32:KERNEL32.dll
 0001:000053bf       _GetLastError@0            004063bf f   kernel32:KERNEL32.dll
 0001:000053c5       _GetLocalTime@4            004063c5 f   kernel32:KERNEL32.dll
 0001:000053cb       _GetSystemTime@4           004063cb f   kernel32:KERNEL32.dll
 0001:000053d1       _LocalFree@4               004063d1 f   kernel32:KERNEL32.dll
 0001:000053d7       _PeekConsoleInputA@16      004063d7 f   kernel32:KERNEL32.dll
 0001:000053dd       _ReadConsoleA@20           004063dd f   kernel32:KERNEL32.dll
 0001:000053e3       _ReadConsoleInputA@16      004063e3 f   kernel32:KERNEL32.dll
 0001:000053e9       _ReadFile@20               004063e9 f   kernel32:KERNEL32.dll
 0001:000053ef       _SetConsoleCursorPosition@8 004063ef f   kernel32:KERNEL32.dll
 0001:000053f5       _SetConsoleMode@8          004063f5 f   kernel32:KERNEL32.dll
 0001:000053fb       _SetConsoleTextAttribute@8 004063fb f   kernel32:KERNEL32.dll
 0001:00005401       _Sleep@4                   00406401 f   kernel32:KERNEL32.dll
 0001:00005407       _SystemTimeToFileTime@8    00406407 f   kernel32:KERNEL32.dll
 0001:0000540d       _WriteConsoleA@20          0040640d f   kernel32:KERNEL32.dll
 0001:00005413       _WriteFile@20              00406413 f   kernel32:KERNEL32.dll
 0001:00005419       _MessageBoxA@16            00406419 f   user32:USER32.dll
 0004:00000000       __imp__ExitProcess@4       0040b000     kernel32:KERNEL32.dll
 0004:00000004       __imp__GetStdHandle@4      0040b004     kernel32:KERNEL32.dll
 0004:00000008       __imp__SetConsoleCursorInfo@8 0040b008     kernel32:KERNEL32.dll
 0004:0000000c       __imp__SetConsoleTitleA@4  0040b00c     kernel32:KERNEL32.dll
 0004:00000010       __imp__SetConsoleWindowInfo@12 0040b010     kernel32:KERNEL32.dll
 0004:00000014       __imp__WriteConsoleOutputCharacterA@20 0040b014     kernel32:KERNEL32.dll
 0004:00000018       __imp__WriteConsoleOutputAttribute@20 0040b018     kernel32:KERNEL32.dll
 0004:0000001c       __imp__CloseHandle@4       0040b01c     kernel32:KERNEL32.dll
 0004:00000020       __imp__CreateFileA@28      0040b020     kernel32:KERNEL32.dll
 0004:00000024       __imp__FormatMessageA@28   0040b024     kernel32:KERNEL32.dll
 0004:00000028       __imp__FlushConsoleInputBuffer@4 0040b028     kernel32:KERNEL32.dll
 0004:0000002c       __imp__GetCommandLineA@0   0040b02c     kernel32:KERNEL32.dll
 0004:00000030       __imp__GetConsoleMode@8    0040b030     kernel32:KERNEL32.dll
 0004:00000034       __imp__GetConsoleScreenBufferInfo@8 0040b034     kernel32:KERNEL32.dll
 0004:00000038       __imp__GetLastError@0      0040b038     kernel32:KERNEL32.dll
 0004:0000003c       __imp__GetLocalTime@4      0040b03c     kernel32:KERNEL32.dll
 0004:00000040       __imp__GetSystemTime@4     0040b040     kernel32:KERNEL32.dll
 0004:00000044       __imp__LocalFree@4         0040b044     kernel32:KERNEL32.dll
 0004:00000048       __imp__PeekConsoleInputA@16 0040b048     kernel32:KERNEL32.dll
 0004:0000004c       __imp__ReadConsoleA@20     0040b04c     kernel32:KERNEL32.dll
 0004:00000050       __imp__ReadConsoleInputA@16 0040b050     kernel32:KERNEL32.dll
 0004:00000054       __imp__ReadFile@20         0040b054     kernel32:KERNEL32.dll
 0004:00000058       __imp__SetConsoleCursorPosition@8 0040b058     kernel32:KERNEL32.dll
 0004:0000005c       __imp__SetConsoleMode@8    0040b05c     kernel32:KERNEL32.dll
 0004:00000060       __imp__SetConsoleTextAttribute@8 0040b060     kernel32:KERNEL32.dll
 0004:00000064       __imp__Sleep@4             0040b064     kernel32:KERNEL32.dll
 0004:00000068       __imp__SystemTimeToFileTime@8 0040b068     kernel32:KERNEL32.dll
 0004:0000006c       __imp__WriteConsoleA@20    0040b06c     kernel32:KERNEL32.dll
 0004:00000070       __imp__WriteFile@20        0040b070     kernel32:KERNEL32.dll
 0004:00000074       \177KERNEL32_NULL_THUNK_DATA 0040b074     kernel32:KERNEL32.dll
 0004:000000b4       __imp__MessageBoxA@16      0040b0b4     user32:USER32.dll
 0004:000000b8       \177USER32_NULL_THUNK_DATA 0040b0b8     user32:USER32.dll
 0004:000000e4       __IMPORT_DESCRIPTOR_KERNEL32 0040b0e4     kernel32:KERNEL32.dll
 0004:000000f8       __IMPORT_DESCRIPTOR_USER32 0040b0f8     user32:USER32.dll
 0004:0000010c       __NULL_IMPORT_DESCRIPTOR   0040b10c     kernel32:KERNEL32.dll

 entry point at        0001:000000f0

 Static symbols

 0000:ffff2000       .debug$S                   00400000     kernel32:KERNEL32.dll
 0000:ffff2000       .debug$S                   00400000     kernel32:KERNEL32.dll
 0000:ffff2000       .debug$S                   00400000     kernel32:KERNEL32.dll
 0000:ffff2000       .debug$S                   00400000     kernel32:KERNEL32.dll
 0000:ffff2000       .debug$S                   00400000     kernel32:KERNEL32.dll
 0000:ffff2000       .debug$S                   00400000     kernel32:KERNEL32.dll
 0000:ffff2000       .debug$S                   00400000     kernel32:KERNEL32.dll
 0000:ffff2000       .debug$S                   00400000     kernel32:KERNEL32.dll
 0000:ffff2000       .debug$S                   00400000     kernel32:KERNEL32.dll
 0000:ffff2000       .debug$S                   00400000     kernel32:KERNEL32.dll
 0000:ffff2000       .debug$S                   00400000     kernel32:KERNEL32.dll
 0000:ffff2000       .debug$S                   00400000     kernel32:KERNEL32.dll
 0000:ffff2000       .debug$S                   00400000     kernel32:KERNEL32.dll
 0000:ffff2000       .debug$S                   00400000     kernel32:KERNEL32.dll
 0000:ffff2000       .debug$S                   00400000     kernel32:KERNEL32.dll
 0000:ffff2000       .debug$S                   00400000     kernel32:KERNEL32.dll
 0000:ffff2000       .debug$S                   00400000     kernel32:KERNEL32.dll
 0000:ffff2000       .debug$S                   00400000     kernel32:KERNEL32.dll
 0000:ffff2000       .debug$S                   00400000     kernel32:KERNEL32.dll
 0000:ffff2000       .debug$S                   00400000     kernel32:KERNEL32.dll
 0000:ffff2000       .debug$S                   00400000     kernel32:KERNEL32.dll
 0000:ffff2000       .debug$S                   00400000     kernel32:KERNEL32.dll
 0000:ffff2000       .debug$S                   00400000     kernel32:KERNEL32.dll
 0000:ffff2000       .debug$S                   00400000     kernel32:KERNEL32.dll
 0000:ffff2000       .debug$S                   00400000     kernel32:KERNEL32.dll
 0000:ffff2000       .debug$S                   00400000     kernel32:KERNEL32.dll
 0000:ffff2000       .debug$S                   00400000     kernel32:KERNEL32.dll
 0000:ffff2000       .debug$S                   00400000     kernel32:KERNEL32.dll
 0000:ffff2000       .debug$S                   00400000     kernel32:KERNEL32.dll
 0000:ffff2000       .debug$S                   00400000     user32:USER32.dll
 0001:000006c4       _scan_for_quote@0          004016c4 f   Irvine32:Irvine32.obj
 0001:000007eb       _Initialize@0              004017eb f   Irvine32:Irvine32.obj
 0001:00000bef       _ReadKeyTranslate@0        00401bef f   Irvine32:Irvine32.obj
 0001:00001265       _AsciiDigit@0              00402265 f   Irvine32:Irvine32.obj
 0001:0000126e       _HexByte@0                 0040226e f   Irvine32:Irvine32.obj
 0001:00002750       $$000000                   00403750     main.obj
 0003:00000000       windowTitleStr             00409000     main.obj
 0003:00000012       windowBound                00409012     main.obj
 0003:0000001a       consoleHandle              0040901a     main.obj
 0003:0000001e       xyPos                      0040901e     main.obj
 0003:00000022       xyPosTank                  00409022     main.obj
 0003:00000026       xyPosNoWork0               00409026     main.obj
 0003:0000002a       xyPosNoWork1               0040902a     main.obj
 0003:0000002e       xyPosNoWork2               0040902e     main.obj
 0003:00000032       xyPosNoWork3               00409032     main.obj
 0003:00000036       xyPosNoWork4               00409036     main.obj
 0003:0000003a       xyPosNoWork5               0040903a     main.obj
 0003:0000003e       xyPosNoWork6               0040903e     main.obj
 0003:00000042       xyPosNoWork7               00409042     main.obj
 0003:00000046       xyPosNoWork8               00409046     main.obj
 0003:0000004a       xyPosNoWork9               0040904a     main.obj
 0003:0000004e       xyPosNoWork10              0040904e     main.obj
 0003:00000052       xyPosNoWork11              00409052     main.obj
 0003:00000056       xyPosNoWork12              00409056     main.obj
 0003:0000005a       xyPosNoWork13              0040905a     main.obj
 0003:0000005e       xyPosNoWork14              0040905e     main.obj
 0003:00000062       xyPosNoWork15              00409062     main.obj
 0003:00000066       xyPosNoWork16              00409066     main.obj
 0003:0000006a       xyPosNoWork17              0040906a     main.obj
 0003:0000006e       xyPosNoWork18              0040906e     main.obj
 0003:00000072       xyPosNoWork19              00409072     main.obj
 0003:00000076       xyPosNoWork20              00409076     main.obj
 0003:0000007a       N0                         0040907a     main.obj
 0003:0000007c       N1                         0040907c     main.obj
 0003:0000007e       N2                         0040907e     main.obj
 0003:00000080       N3                         00409080     main.obj
 0003:00000082       N4                         00409082     main.obj
 0003:00000084       N5                         00409084     main.obj
 0003:00000086       N6                         00409086     main.obj
 0003:00000088       N7                         00409088     main.obj
 0003:0000008a       N8                         0040908a     main.obj
 0003:0000008c       N9                         0040908c     main.obj
 0003:0000008e       N10                        0040908e     main.obj
 0003:00000090       N11                        00409090     main.obj
 0003:00000092       N12                        00409092     main.obj
 0003:00000094       N13                        00409094     main.obj
 0003:00000096       N14                        00409096     main.obj
 0003:00000098       N15                        00409098     main.obj
 0003:0000009a       N16                        0040909a     main.obj
 0003:0000009c       N17                        0040909c     main.obj
 0003:0000009e       N18                        0040909e     main.obj
 0003:000000a0       N19                        004090a0     main.obj
 0003:000000a2       N20                        004090a2     main.obj
 0003:000000a4       xPosBogy0LevelArr          004090a4     main.obj
 0003:000000aa       xPosBogy1LevelArr          004090aa     main.obj
 0003:000000b0       xPosBogy2LevelArr          004090b0     main.obj
 0003:000000b6       xPosBogy3LevelArr          004090b6     main.obj
 0003:000000bc       xPosBogy4LevelArr          004090bc     main.obj
 0003:000000c2       xPosBogy5LevelArr          004090c2     main.obj
 0003:000000c8       xyPosBogy0                 004090c8     main.obj
 0003:000000cc       xyPosBogy1                 004090cc     main.obj
 0003:000000d0       xyPosBogy2                 004090d0     main.obj
 0003:000000d4       xyPosBogy3                 004090d4     main.obj
 0003:000000d8       xyPosBogy4                 004090d8     main.obj
 0003:000000dc       xyPosBogy5                 004090dc     main.obj
 0003:000000e0       cells_Written              004090e0     main.obj
 0003:000000e4       startStr                   004090e4     main.obj
 0003:0000036c       enterMsg                   0040936c     main.obj
 0003:0000037f       leaveMsg                   0040937f     main.obj
 0003:00000392       restart                    00409392     main.obj
 0003:000003a7       nextLevel                  004093a7     main.obj
 0003:000003bf       startTank                  004093bf     main.obj
 0003:00000467       startBogy                  00409467     main.obj
 0003:0000048a       gameIntro                  0040948a     main.obj
 0003:000008db       gameTank                   004098db     main.obj
 0003:000008f3       clearTank                  004098f3     main.obj
 0003:0000090b       gameBogy                   0040990b     main.obj
 0003:0000091a       clearBogy                  0040991a     main.obj
 0003:00000929       bullet                     00409929     main.obj
 0003:00000930       clearBullet                00409930     main.obj
 0003:00000937       line                       00409937     main.obj
 0003:00000939       greenColor                 00409939     main.obj
 0003:0000093b       yellowColor                0040993b     main.obj
 0003:0000093d       level                      0040993d     main.obj
 0003:00000945       state                      00409945     main.obj
 0003:0000094d       score                      0040994d     main.obj
 0003:00000955       lives                      00409955     main.obj
 0003:0000095d       bogys                      0040995d     main.obj
 0003:00000965       levelNum                   00409965     main.obj
 0003:00000967       levelStr                   00409967     main.obj
 0003:0000096b       paused                     0040996b     main.obj
 0003:00000973       playing                    00409973     main.obj
 0003:0000097b       scoreNum                   0040997b     main.obj
 0003:0000097d       scoreStr                   0040997d     main.obj
 0003:00000981       livesNum                   00409981     main.obj
 0003:00000983       livesStr                   00409983     main.obj
 0003:00000987       bogysNum                   00409987     main.obj
 0003:00000989       bogysStr                   00409989     main.obj
 0003:0000098d       gameBgTB                   0040998d     main.obj
 0003:000009fc       gameBgM                    004099fc     main.obj
 0003:00000a6b       winStr                     00409a6b     main.obj
 0003:00000b43       loseStr                    00409b43     main.obj
 0003:00000e90       InitFlag                   00409e90     Irvine32:Irvine32.obj
 0003:00000e91       xtable                     00409e91     Irvine32:Irvine32.obj
 0003:00000ea1       blanks                     00409ea1     Irvine32:Irvine32.obj
 0003:000010a1       attribs                    0040a0a1     Irvine32:Irvine32.obj
 0003:000014a1       lineLength                 0040a4a1     Irvine32:Irvine32.obj
 0003:000014a5       cursorLoc                  0040a4a5     Irvine32:Irvine32.obj
 0003:000014a9       count                      0040a4a9     Irvine32:Irvine32.obj
 0003:000014ad       ??0002                     0040a4ad     Irvine32:Irvine32.obj
 0003:000014b2       dumpPrompt                 0040a4b2     Irvine32:Irvine32.obj
 0003:000014c4       dashLine                   0040a4c4     Irvine32:Irvine32.obj
 0003:000014e6       ??0003                     0040a4e6     Irvine32:Irvine32.obj
 0003:000014e9       ??0004                     0040a4e9     Irvine32:Irvine32.obj
 0003:000014eb       ??0005                     0040a4eb     Irvine32:Irvine32.obj
 0003:000014ed       saveIP                     0040a4ed     Irvine32:Irvine32.obj
 0003:000014f1       saveESP                    0040a4f1     Irvine32:Irvine32.obj
 0003:000014f5       ??0006                     0040a4f5     Irvine32:Irvine32.obj
 0003:000014fc       ??0007                     0040a4fc     Irvine32:Irvine32.obj
 0003:00001503       ??0008                     0040a503     Irvine32:Irvine32.obj
 0003:0000150a       ??0009                     0040a50a     Irvine32:Irvine32.obj
 0003:00001511       ??000A                     0040a511     Irvine32:Irvine32.obj
 0003:00001518       ??000B                     0040a518     Irvine32:Irvine32.obj
 0003:0000151f       ??000C                     0040a51f     Irvine32:Irvine32.obj
 0003:00001526       ??000D                     0040a526     Irvine32:Irvine32.obj
 0003:0000152d       ??000E                     0040a52d     Irvine32:Irvine32.obj
 0003:00001534       ??000F                     0040a534     Irvine32:Irvine32.obj
 0003:0000153b       ??0010                     0040a53b     Irvine32:Irvine32.obj
 0003:00001540       ??0011                     0040a540     Irvine32:Irvine32.obj
 0003:00001542       ??0013                     0040a542     Irvine32:Irvine32.obj
 0003:00001547       ??0014                     0040a547     Irvine32:Irvine32.obj
 0003:00001549       ??0016                     0040a549     Irvine32:Irvine32.obj
 0003:0000154e       ??0017                     0040a54e     Irvine32:Irvine32.obj
 0003:00001550       ??0019                     0040a550     Irvine32:Irvine32.obj
 0003:00001555       ??001A                     0040a555     Irvine32:Irvine32.obj
 0003:00001557       ??001C                     0040a557     Irvine32:Irvine32.obj
 0003:0000155c       ??001D                     0040a55c     Irvine32:Irvine32.obj
 0003:0000155e       ??001F                     0040a55e     Irvine32:Irvine32.obj
 0003:00001563       ??0020                     0040a563     Irvine32:Irvine32.obj
 0003:00001565       _cursorPosition            0040a565     Irvine32:Irvine32.obj
 0003:00001569       @zx02abc_def_caption       0040a569     Irvine32:Irvine32.obj
 0003:0000156b       @zq02abc_def_caption       0040a56b     Irvine32:Irvine32.obj
 0003:0000156d       overflow_msgL              0040a56d     Irvine32:Irvine32.obj
 0003:00001588       invalid_msgL               0040a588     Irvine32:Irvine32.obj
 0003:0000159b       seed                       0040a59b     Irvine32:Irvine32.obj
 0003:0000159f       xbtable                    0040a59f     Irvine32:Irvine32.obj
 0003:000015b6       numVal                     0040a5b6     Irvine32:Irvine32.obj
 0003:000015ba       charVal                    0040a5ba     Irvine32:Irvine32.obj
 0003:000015bb       evBuffer                   0040a5bb     Irvine32:Irvine32.obj
 0003:000015cf       evRepeat                   0040a5cf     Irvine32:Irvine32.obj
 0003:000015d1       SpecialCases               0040a5d1     Irvine32:Irvine32.obj
 0003:00001612       _$$temp                    0040a612     Irvine32:Irvine32.obj
 0003:00001616       waitmsgstr                 0040a616     Irvine32:Irvine32.obj
 0003:00001633       bufferL                    0040a633     Irvine32:Irvine32.obj
 0003:00001640       bufferLHB                  0040a640     Irvine32:Irvine32.obj
 0003:00001649       buffer_B                   0040a649     Irvine32:Irvine32.obj
 0003:00001656       neg_flag                   0040a656     Irvine32:Irvine32.obj
 0003:00001657       LblStack                   0040a657     Irvine32:Irvine32.obj
 0003:00001664       LblFor                     0040a664     Irvine32:Irvine32.obj
 0003:00001669       LblEbp                     0040a669     Irvine32:Irvine32.obj
 0003:0000166f       LblParam                   0040a66f     Irvine32:Irvine32.obj
 0003:0000167c       LblEbpPtr                  0040a67c     Irvine32:Irvine32.obj
 0003:00001692       LblSaved                   0040a692     Irvine32:Irvine32.obj
 0003:000016a4       LblLocal                   0040a6a4     Irvine32:Irvine32.obj
 0003:000016b6       LblReturn                  0040a6b6     Irvine32:Irvine32.obj
 0003:000016c8       LblEsp                     0040a6c8     Irvine32:Irvine32.obj
 0003:000016d4       BadStackFrameMsg           0040a6d4     Irvine32:Irvine32.obj
 0003:000016ef       NoName                     0040a6ef     Irvine32:Irvine32.obj
 0003:000016f0       WriteToFile_1              0040a6f0     Irvine32:Irvine32.obj
 0003:000016f4       WriteWindowsMsg_1          0040a6f4     Irvine32:Irvine32.obj
 0003:000016fb       WriteWindowsMsg_2          0040a6fb     Irvine32:Irvine32.obj
 0003:000016fe       pErrorMsg                  0040a6fe     Irvine32:Irvine32.obj
 0003:00001702       messageId                  0040a702     Irvine32:Irvine32.obj
 0003:000019c0       consoleInHandle            0040a9c0     Irvine32:Irvine32.obj
 0003:000019c4       consoleOutHandle           0040a9c4     Irvine32:Irvine32.obj
 0003:000019c8       bytesWritten               0040a9c8     Irvine32:Irvine32.obj
 0003:000019cc       eflags                     0040a9cc     Irvine32:Irvine32.obj
 0003:000019d0       digitBuffer                0040a9d0     Irvine32:Irvine32.obj
 0003:00001a21       buffer                     0040aa21     Irvine32:Irvine32.obj
 0003:00001c21       bytesRead                  0040ac21     Irvine32:Irvine32.obj
 0003:00001c25       sysTime                    0040ac25     Irvine32:Irvine32.obj
 0004:00000432       .idata$6                   0040b432     kernel32:KERNEL32.dll
 0004:0000044e       .idata$6                   0040b44e     user32:USER32.dll
 0005:00000170       $R000000                   0040c170     * linker generated manifest res *
