 finalProjectPro

 Timestamp is 639f0f1d (Sun Dec 18 21:01:17 2022)

 Preferred load address is 00400000

 Start         Length     Name                   Class
 0001:00000000 00002750H .text                   CODE
 0001:00002750 00004085H .text$mn                CODE
 0002:00000000 00000144H .rdata                  DATA
 0002:00000143 00000000H .edata                  DATA
 0002:00000144 00000194H .rdata$zzzdbg           DATA
 0003:00000000 00001a00H .data                   DATA
 0003:00001a00 000002f2H .bss                    DATA
 0004:00000000 000000e4H .idata$5                DATA
 0004:000000e4 00000028H .idata$2                DATA
 0004:0000010c 00000014H .idata$3                DATA
 0004:00000120 000000e4H .idata$4                DATA
 0004:00000204 00000391H .idata$6                DATA
 0005:00000000 00000170H .rsrc$01                DATA
 0005:00000170 000002ccH .rsrc$02                DATA

  Address         Publics by Value              Rva+Base       Lib:Object

 0000:00000000       ___AbsoluteZero            00000000     <absolute>
 0000:00000000       ___arm64x_extra_rfe_table  00000000     <absolute>
 0000:00000000       ___arm64x_extra_rfe_table_size 00000000     <absolute>
 0000:00000000       ___arm64x_native_entrypoint 00000000     <absolute>
 0000:00000000       ___arm64x_redirection_metadata 00000000     <absolute>
 0000:00000000       ___arm64x_redirection_metadata_count 00000000     <absolute>
 0000:00000000       ___dynamic_value_reloc_table 00000000     <absolute>
 0000:00000000       ___enclave_config          00000000     <absolute>
 0000:00000000       ___guard_check_icall_a64n_fptr 00000000     <absolute>
 0000:00000000       ___guard_eh_cont_count     00000000     <absolute>
 0000:00000000       ___guard_eh_cont_table     00000000     <absolute>
 0000:00000000       ___guard_fids_count        00000000     <absolute>
 0000:00000000       ___guard_fids_table        00000000     <absolute>
 0000:00000000       ___guard_flags             00000000     <absolute>
 0000:00000000       ___guard_iat_count         00000000     <absolute>
 0000:00000000       ___guard_iat_table         00000000     <absolute>
 0000:00000000       ___guard_longjmp_count     00000000     <absolute>
 0000:00000000       ___guard_longjmp_table     00000000     <absolute>
 0000:00000000       ___hybrid_auxiliary_iat    00000000     <absolute>
 0000:00000000       ___hybrid_auxiliary_iat_copy 00000000     <absolute>
 0000:00000000       ___hybrid_code_map         00000000     <absolute>
 0000:00000000       ___hybrid_code_map_count   00000000     <absolute>
 0000:00000000       ___safe_se_handler_count   00000000     <absolute>
 0000:00000000       ___safe_se_handler_table   00000000     <absolute>
 0000:00000000       ___volatile_metadata       00000000     <absolute>
 0000:00000000       ___x64_code_ranges_to_entry_points 00000000     <absolute>
 0000:00000000       ___x64_code_ranges_to_entry_points_count 00000000     <absolute>
 0001:000002d0       _CloseFile@0               004012d0 f   Irvine32:Irvine32.obj
 0001:000002d7       _Clrscr@0                  004012d7 f   Irvine32:Irvine32.obj
 0001:0000039c       _CreateOutputFile@0        0040139c f   Irvine32:Irvine32.obj
 0001:000003b5       _Crlf@0                    004013b5 f   Irvine32:Irvine32.obj
 0001:000003d0       _Delay@0                   004013d0 f   Irvine32:Irvine32.obj
 0001:000003d9       _DumpMem@0                 004013d9 f   Irvine32:Irvine32.obj
 0001:00000494       _DumpRegs@0                00401494 f   Irvine32:Irvine32.obj
 0001:0000068f       _GetCommandTail@0          0040168f f   Irvine32:Irvine32.obj
 0001:000006cc       _GetDateTime@4             004016cc f   Irvine32:Irvine32.obj
 0001:000006fe       _GetMaxXY@0                004016fe f   Irvine32:Irvine32.obj
 0001:0000072d       _GetMseconds@0             0040172d f   Irvine32:Irvine32.obj
 0001:0000078a       _GetTextColor@0            0040178a f   Irvine32:Irvine32.obj
 0001:000007b5       _Gotoxy@0                  004017b5 f   Irvine32:Irvine32.obj
 0001:0000080d       _IsDigit@0                 0040180d f   Irvine32:Irvine32.obj
 0001:0000081a       _MsgBox@0                  0040181a f   Irvine32:Irvine32.obj
 0001:00000831       _MsgBoxAsk@0               00401831 f   Irvine32:Irvine32.obj
 0001:00000850       _OpenInputFile@0           00401850 f   Irvine32:Irvine32.obj
 0001:00000869       _ParseDecimal32@0          00401869 f   Irvine32:Irvine32.obj
 0001:000008cb       _ParseInteger32@0          004018cb f   Irvine32:Irvine32.obj
 0001:00000986       _Random32@0                00401986 f   Irvine32:Irvine32.obj
 0001:000009a1       _RandomRange@0             004019a1 f   Irvine32:Irvine32.obj
 0001:000009b6       _Randomize@0               004019b6 f   Irvine32:Irvine32.obj
 0001:000009cf       _ReadChar@0                004019cf f   Irvine32:Irvine32.obj
 0001:000009e5       _ReadDec@0                 004019e5 f   Irvine32:Irvine32.obj
 0001:00000a00       _ReadFromFile@0            00401a00 f   Irvine32:Irvine32.obj
 0001:00000a23       _ReadHex@0                 00401a23 f   Irvine32:Irvine32.obj
 0001:00000aa4       _ReadInt@0                 00401aa4 f   Irvine32:Irvine32.obj
 0001:00000abf       _ReadKey@0                 00401abf f   Irvine32:Irvine32.obj
 0001:00000bda       _ReadKeyFlush@0            00401bda f   Irvine32:Irvine32.obj
 0001:00000ca8       _ReadString@0              00401ca8 f   Irvine32:Irvine32.obj
 0001:00000d61       _SetTextColor@0            00401d61 f   Irvine32:Irvine32.obj
 0001:00000d82       _StrLength@0               00401d82 f   Irvine32:Irvine32.obj
 0001:00000d93       _Str_compare@8             00401d93 f   Irvine32:Irvine32.obj
 0001:00000dbd       _Str_copy@8                00401dbd f   Irvine32:Irvine32.obj
 0001:00000de0       _Str_length@4              00401de0 f   Irvine32:Irvine32.obj
 0001:00000dfa       _Str_trim@8                00401dfa f   Irvine32:Irvine32.obj
 0001:00000e28       _Str_ucase@4               00401e28 f   Irvine32:Irvine32.obj
 0001:00000e4a       _WaitMsg@0                 00401e4a f   Irvine32:Irvine32.obj
 0001:00000e5c       _WriteBin@0                00401e5c f   Irvine32:Irvine32.obj
 0001:00000e69       _WriteBinB@0               00401e69 f   Irvine32:Irvine32.obj
 0001:00000ebc       _WriteChar@0               00401ebc f   Irvine32:Irvine32.obj
 0001:00000eee       _WriteDec@0                00401eee f   Irvine32:Irvine32.obj
 0001:00000f2f       _WriteHex@0                00401f2f f   Irvine32:Irvine32.obj
 0001:00000f3c       _WriteHexB@0               00401f3c f   Irvine32:Irvine32.obj
 0001:00000fce       _WriteInt@0                00401fce f   Irvine32:Irvine32.obj
 0001:0000102f       _WriteStackFrameName@16    0040202f f   Irvine32:Irvine32.obj
 0001:000011af       _WriteStackFrame@12        004021af f   Irvine32:Irvine32.obj
 0001:000011c9       _WriteString@0             004021c9 f   Irvine32:Irvine32.obj
 0001:000011f5       _WriteToFile@0             004021f5 f   Irvine32:Irvine32.obj
 0001:0000120a       _WriteWindowsMsg@0         0040220a f   Irvine32:Irvine32.obj
 0001:00002750       _main@0                    00403750 f   main.obj
 0001:00004363       _printStartScene@0         00405363 f   main.obj
 0001:00004530       _printGameStage@0          00405530 f   main.obj
 0001:000046b6       _printEndScene@0           004056b6 f   main.obj
 0001:00004965       _printLevel@4              00405965 f   main.obj
 0001:000049a3       _printScore@4              004059a3 f   main.obj
 0001:000049e1       _printLives@4              004059e1 f   main.obj
 0001:00004a1f       _printBogys@4              00405a1f f   main.obj
 0001:00004a5d       _initialLevelBogyPos@0     00405a5d f   main.obj
 0001:00004b56       _bogyWalking@4             00405b56 f   main.obj
 0001:00004b8e       _bogyClear@4               00405b8e f   main.obj
 0001:00004bc6       _tankWalking@4             00405bc6 f   main.obj
 0001:00004bfe       _tankClear@4               00405bfe f   main.obj
 0001:00004c36       _noWorkWalking@4           00405c36 f   main.obj
 0001:00004c59       _noWorkClear@4             00405c59 f   main.obj
 0001:00004c7c       _printGreenLine@4          00405c7c f   main.obj
 0001:00004cd5       _decStrLevel@4             00405cd5 f   main.obj
 0001:00004cfb       _decStrScore@4             00405cfb f   main.obj
 0001:00004d21       _decStrLives@4             00405d21 f   main.obj
 0001:00004d47       _decStrBogys@4             00405d47 f   main.obj
 0001:000056f4       _ExitProcess@4             004066f4 f   kernel32:KERNEL32.dll
 0001:000056fa       _GetStdHandle@4            004066fa f   kernel32:KERNEL32.dll
 0001:00005700       _SetConsoleCursorInfo@8    00406700 f   kernel32:KERNEL32.dll
 0001:00005706       _SetConsoleTitleA@4        00406706 f   kernel32:KERNEL32.dll
 0001:0000570c       _SetConsoleWindowInfo@12   0040670c f   kernel32:KERNEL32.dll
 0001:00005712       _WriteConsoleOutputCharacterA@20 00406712 f   kernel32:KERNEL32.dll
 0001:00005718       _WriteConsoleOutputAttribute@20 00406718 f   kernel32:KERNEL32.dll
 0001:0000571e       _CloseHandle@4             0040671e f   kernel32:KERNEL32.dll
 0001:00005724       _CreateFileA@28            00406724 f   kernel32:KERNEL32.dll
 0001:0000572a       _FormatMessageA@28         0040672a f   kernel32:KERNEL32.dll
 0001:00005730       _FlushConsoleInputBuffer@4 00406730 f   kernel32:KERNEL32.dll
 0001:00005736       _GetCommandLineA@0         00406736 f   kernel32:KERNEL32.dll
 0001:0000573c       _GetConsoleMode@8          0040673c f   kernel32:KERNEL32.dll
 0001:00005742       _GetConsoleScreenBufferInfo@8 00406742 f   kernel32:KERNEL32.dll
 0001:00005748       _GetLastError@0            00406748 f   kernel32:KERNEL32.dll
 0001:0000574e       _GetLocalTime@4            0040674e f   kernel32:KERNEL32.dll
 0001:00005754       _GetSystemTime@4           00406754 f   kernel32:KERNEL32.dll
 0001:0000575a       _LocalFree@4               0040675a f   kernel32:KERNEL32.dll
 0001:00005760       _PeekConsoleInputA@16      00406760 f   kernel32:KERNEL32.dll
 0001:00005766       _ReadConsoleA@20           00406766 f   kernel32:KERNEL32.dll
 0001:0000576c       _ReadConsoleInputA@16      0040676c f   kernel32:KERNEL32.dll
 0001:00005772       _ReadFile@20               00406772 f   kernel32:KERNEL32.dll
 0001:00005778       _SetConsoleCursorPosition@8 00406778 f   kernel32:KERNEL32.dll
 0001:0000577e       _SetConsoleMode@8          0040677e f   kernel32:KERNEL32.dll
 0001:00005784       _SetConsoleTextAttribute@8 00406784 f   kernel32:KERNEL32.dll
 0001:0000578a       _Sleep@4                   0040678a f   kernel32:KERNEL32.dll
 0001:00005790       _SystemTimeToFileTime@8    00406790 f   kernel32:KERNEL32.dll
 0001:00005796       _WriteConsoleA@20          00406796 f   kernel32:KERNEL32.dll
 0001:0000579c       _WriteFile@20              0040679c f   kernel32:KERNEL32.dll
 0001:000057a2       _MessageBoxA@16            004067a2 f   user32:USER32.dll
 0004:00000000       __imp__ExitProcess@4       0040b000     kernel32:KERNEL32.dll
 0004:00000004       __imp__GetStdHandle@4      0040b004     kernel32:KERNEL32.dll
 0004:00000008       __imp__SetConsoleCursorInfo@8 0040b008     kernel32:KERNEL32.dll
 0004:0000000c       __imp__SetConsoleTitleA@4  0040b00c     kernel32:KERNEL32.dll
 0004:00000010       __imp__SetConsoleWindowInfo@12 0040b010     kernel32:KERNEL32.dll
 0004:00000014       __imp__WriteConsoleOutputCharacterA@20 0040b014     kernel32:KERNEL32.dll
 0004:00000018       __imp__WriteConsoleOutputAttribute@20 0040b018     kernel32:KERNEL32.dll
 0004:0000001c       __imp__CloseHandle@4       0040b01c     kernel32:KERNEL32.dll
 0004:00000020       __imp__CreateFileA@28      0040b020     kernel32:KERNEL32.dll
 0004:00000024       __imp__FormatMessageA@28   0040b024     kernel32:KERNEL32.dll
 0004:00000028       __imp__FlushConsoleInputBuffer@4 0040b028     kernel32:KERNEL32.dll
 0004:0000002c       __imp__GetCommandLineA@0   0040b02c     kernel32:KERNEL32.dll
 0004:00000030       __imp__GetConsoleMode@8    0040b030     kernel32:KERNEL32.dll
 0004:00000034       __imp__GetConsoleScreenBufferInfo@8 0040b034     kernel32:KERNEL32.dll
 0004:00000038       __imp__GetLastError@0      0040b038     kernel32:KERNEL32.dll
 0004:0000003c       __imp__GetLocalTime@4      0040b03c     kernel32:KERNEL32.dll
 0004:00000040       __imp__GetSystemTime@4     0040b040     kernel32:KERNEL32.dll
 0004:00000044       __imp__LocalFree@4         0040b044     kernel32:KERNEL32.dll
 0004:00000048       __imp__PeekConsoleInputA@16 0040b048     kernel32:KERNEL32.dll
 0004:0000004c       __imp__ReadConsoleA@20     0040b04c     kernel32:KERNEL32.dll
 0004:00000050       __imp__ReadConsoleInputA@16 0040b050     kernel32:KERNEL32.dll
 0004:00000054       __imp__ReadFile@20         0040b054     kernel32:KERNEL32.dll
 0004:00000058       __imp__SetConsoleCursorPosition@8 0040b058     kernel32:KERNEL32.dll
 0004:0000005c       __imp__SetConsoleMode@8    0040b05c     kernel32:KERNEL32.dll
 0004:00000060       __imp__SetConsoleTextAttribute@8 0040b060     kernel32:KERNEL32.dll
 0004:00000064       __imp__Sleep@4             0040b064     kernel32:KERNEL32.dll
 0004:00000068       __imp__SystemTimeToFileTime@8 0040b068     kernel32:KERNEL32.dll
 0004:0000006c       __imp__WriteConsoleA@20    0040b06c     kernel32:KERNEL32.dll
 0004:00000070       __imp__WriteFile@20        0040b070     kernel32:KERNEL32.dll
 0004:00000074       \177KERNEL32_NULL_THUNK_DATA 0040b074     kernel32:KERNEL32.dll
 0004:000000b4       __imp__MessageBoxA@16      0040b0b4     user32:USER32.dll
 0004:000000b8       \177USER32_NULL_THUNK_DATA 0040b0b8     user32:USER32.dll
 0004:000000e4       __IMPORT_DESCRIPTOR_KERNEL32 0040b0e4     kernel32:KERNEL32.dll
 0004:000000f8       __IMPORT_DESCRIPTOR_USER32 0040b0f8     user32:USER32.dll
 0004:0000010c       __NULL_IMPORT_DESCRIPTOR   0040b10c     kernel32:KERNEL32.dll

 entry point at        0001:000000f0

 Static symbols

 0000:ffff2000       .debug$S                   00400000     kernel32:KERNEL32.dll
 0000:ffff2000       .debug$S                   00400000     kernel32:KERNEL32.dll
 0000:ffff2000       .debug$S                   00400000     kernel32:KERNEL32.dll
 0000:ffff2000       .debug$S                   00400000     kernel32:KERNEL32.dll
 0000:ffff2000       .debug$S                   00400000     kernel32:KERNEL32.dll
 0000:ffff2000       .debug$S                   00400000     kernel32:KERNEL32.dll
 0000:ffff2000       .debug$S                   00400000     kernel32:KERNEL32.dll
 0000:ffff2000       .debug$S                   00400000     kernel32:KERNEL32.dll
 0000:ffff2000       .debug$S                   00400000     kernel32:KERNEL32.dll
 0000:ffff2000       .debug$S                   00400000     kernel32:KERNEL32.dll
 0000:ffff2000       .debug$S                   00400000     kernel32:KERNEL32.dll
 0000:ffff2000       .debug$S                   00400000     kernel32:KERNEL32.dll
 0000:ffff2000       .debug$S                   00400000     kernel32:KERNEL32.dll
 0000:ffff2000       .debug$S                   00400000     kernel32:KERNEL32.dll
 0000:ffff2000       .debug$S                   00400000     kernel32:KERNEL32.dll
 0000:ffff2000       .debug$S                   00400000     kernel32:KERNEL32.dll
 0000:ffff2000       .debug$S                   00400000     kernel32:KERNEL32.dll
 0000:ffff2000       .debug$S                   00400000     kernel32:KERNEL32.dll
 0000:ffff2000       .debug$S                   00400000     kernel32:KERNEL32.dll
 0000:ffff2000       .debug$S                   00400000     kernel32:KERNEL32.dll
 0000:ffff2000       .debug$S                   00400000     kernel32:KERNEL32.dll
 0000:ffff2000       .debug$S                   00400000     kernel32:KERNEL32.dll
 0000:ffff2000       .debug$S                   00400000     kernel32:KERNEL32.dll
 0000:ffff2000       .debug$S                   00400000     kernel32:KERNEL32.dll
 0000:ffff2000       .debug$S                   00400000     kernel32:KERNEL32.dll
 0000:ffff2000       .debug$S                   00400000     kernel32:KERNEL32.dll
 0000:ffff2000       .debug$S                   00400000     kernel32:KERNEL32.dll
 0000:ffff2000       .debug$S                   00400000     kernel32:KERNEL32.dll
 0000:ffff2000       .debug$S                   00400000     kernel32:KERNEL32.dll
 0000:ffff2000       .debug$S                   00400000     user32:USER32.dll
 0001:000006c4       _scan_for_quote@0          004016c4 f   Irvine32:Irvine32.obj
 0001:000007eb       _Initialize@0              004017eb f   Irvine32:Irvine32.obj
 0001:00000bef       _ReadKeyTranslate@0        00401bef f   Irvine32:Irvine32.obj
 0001:00001265       _AsciiDigit@0              00402265 f   Irvine32:Irvine32.obj
 0001:0000126e       _HexByte@0                 0040226e f   Irvine32:Irvine32.obj
 0001:00002750       $$000000                   00403750     main.obj
 0003:00000000       windowTitleStr             00409000     main.obj
 0003:00000012       windowBound                00409012     main.obj
 0003:0000001a       consoleHandle              0040901a     main.obj
 0003:0000001e       xyPos                      0040901e     main.obj
 0003:00000022       xyPosTank                  00409022     main.obj
 0003:00000026       xyPosNoWork0               00409026     main.obj
 0003:0000002a       xyPosNoWork1               0040902a     main.obj
 0003:0000002e       xyPosNoWork2               0040902e     main.obj
 0003:00000032       xyPosNoWork3               00409032     main.obj
 0003:00000036       xyPosNoWork4               00409036     main.obj
 0003:0000003a       xyPosNoWork5               0040903a     main.obj
 0003:0000003e       xyPosNoWork6               0040903e     main.obj
 0003:00000042       xyPosNoWork7               00409042     main.obj
 0003:00000046       xyPosNoWork8               00409046     main.obj
 0003:0000004a       xyPosNoWork9               0040904a     main.obj
 0003:0000004e       xyPosNoWork10              0040904e     main.obj
 0003:00000052       xyPosNoWork11              00409052     main.obj
 0003:00000056       xyPosNoWork12              00409056     main.obj
 0003:0000005a       xyPosNoWork13              0040905a     main.obj
 0003:0000005e       xyPosNoWork14              0040905e     main.obj
 0003:00000062       xyPosNoWork15              00409062     main.obj
 0003:00000066       xyPosNoWork16              00409066     main.obj
 0003:0000006a       xyPosNoWork17              0040906a     main.obj
 0003:0000006e       xyPosNoWork18              0040906e     main.obj
 0003:00000072       xyPosNoWork19              00409072     main.obj
 0003:00000076       xyPosNoWork20              00409076     main.obj
 0003:0000007a       N0                         0040907a     main.obj
 0003:0000007c       N1                         0040907c     main.obj
 0003:0000007e       N2                         0040907e     main.obj
 0003:00000080       N3                         00409080     main.obj
 0003:00000082       N4                         00409082     main.obj
 0003:00000084       N5                         00409084     main.obj
 0003:00000086       N6                         00409086     main.obj
 0003:00000088       N7                         00409088     main.obj
 0003:0000008a       N8                         0040908a     main.obj
 0003:0000008c       N9                         0040908c     main.obj
 0003:0000008e       N10                        0040908e     main.obj
 0003:00000090       N11                        00409090     main.obj
 0003:00000092       N12                        00409092     main.obj
 0003:00000094       N13                        00409094     main.obj
 0003:00000096       N14                        00409096     main.obj
 0003:00000098       N15                        00409098     main.obj
 0003:0000009a       N16                        0040909a     main.obj
 0003:0000009c       N17                        0040909c     main.obj
 0003:0000009e       N18                        0040909e     main.obj
 0003:000000a0       N19                        004090a0     main.obj
 0003:000000a2       N20                        004090a2     main.obj
 0003:000000a4       xPosBogy0LevelArr          004090a4     main.obj
 0003:000000aa       xPosBogy1LevelArr          004090aa     main.obj
 0003:000000b0       xPosBogy2LevelArr          004090b0     main.obj
 0003:000000b6       xPosBogy3LevelArr          004090b6     main.obj
 0003:000000bc       xPosBogy4LevelArr          004090bc     main.obj
 0003:000000c2       xPosBogy5LevelArr          004090c2     main.obj
 0003:000000c8       xyPosBogy0                 004090c8     main.obj
 0003:000000cc       xyPosBogy1                 004090cc     main.obj
 0003:000000d0       xyPosBogy2                 004090d0     main.obj
 0003:000000d4       xyPosBogy3                 004090d4     main.obj
 0003:000000d8       xyPosBogy4                 004090d8     main.obj
 0003:000000dc       xyPosBogy5                 004090dc     main.obj
 0003:000000e0       cells_Written              004090e0     main.obj
 0003:000000e4       startStr                   004090e4     main.obj
 0003:0000036c       enterMsg                   0040936c     main.obj
 0003:0000037f       leaveMsg                   0040937f     main.obj
 0003:00000392       restart                    00409392     main.obj
 0003:000003a7       nextLevel                  004093a7     main.obj
 0003:000003bf       finalMsg                   004093bf     main.obj
 0003:000003f2       startTank                  004093f2     main.obj
 0003:0000049a       startBogy                  0040949a     main.obj
 0003:000004bd       gameIntro                  004094bd     main.obj
 0003:0000090e       gameTank                   0040990e     main.obj
 0003:00000926       clearTank                  00409926     main.obj
 0003:0000093e       gameBogy                   0040993e     main.obj
 0003:0000094d       clearBogy                  0040994d     main.obj
 0003:0000095c       bullet                     0040995c     main.obj
 0003:00000963       clearBullet                00409963     main.obj
 0003:0000096a       line                       0040996a     main.obj
 0003:0000096c       greenColor                 0040996c     main.obj
 0003:0000096e       yellowColor                0040996e     main.obj
 0003:00000970       level                      00409970     main.obj
 0003:00000978       state                      00409978     main.obj
 0003:00000980       score                      00409980     main.obj
 0003:00000988       lives                      00409988     main.obj
 0003:00000990       bogys                      00409990     main.obj
 0003:00000998       levelNum                   00409998     main.obj
 0003:0000099a       levelStr                   0040999a     main.obj
 0003:0000099e       paused                     0040999e     main.obj
 0003:000009a6       playing                    004099a6     main.obj
 0003:000009ae       scoreNum                   004099ae     main.obj
 0003:000009b0       scoreStr                   004099b0     main.obj
 0003:000009b4       livesNum                   004099b4     main.obj
 0003:000009b6       livesStr                   004099b6     main.obj
 0003:000009ba       bogysNum                   004099ba     main.obj
 0003:000009bc       bogysStr                   004099bc     main.obj
 0003:000009c0       gameBgTB                   004099c0     main.obj
 0003:00000a2f       gameBgM                    00409a2f     main.obj
 0003:00000a9e       winStr                     00409a9e     main.obj
 0003:00000b76       loseStr                    00409b76     main.obj
 0003:00000ed0       InitFlag                   00409ed0     Irvine32:Irvine32.obj
 0003:00000ed1       xtable                     00409ed1     Irvine32:Irvine32.obj
 0003:00000ee1       blanks                     00409ee1     Irvine32:Irvine32.obj
 0003:000010e1       attribs                    0040a0e1     Irvine32:Irvine32.obj
 0003:000014e1       lineLength                 0040a4e1     Irvine32:Irvine32.obj
 0003:000014e5       cursorLoc                  0040a4e5     Irvine32:Irvine32.obj
 0003:000014e9       count                      0040a4e9     Irvine32:Irvine32.obj
 0003:000014ed       ??0002                     0040a4ed     Irvine32:Irvine32.obj
 0003:000014f2       dumpPrompt                 0040a4f2     Irvine32:Irvine32.obj
 0003:00001504       dashLine                   0040a504     Irvine32:Irvine32.obj
 0003:00001526       ??0003                     0040a526     Irvine32:Irvine32.obj
 0003:00001529       ??0004                     0040a529     Irvine32:Irvine32.obj
 0003:0000152b       ??0005                     0040a52b     Irvine32:Irvine32.obj
 0003:0000152d       saveIP                     0040a52d     Irvine32:Irvine32.obj
 0003:00001531       saveESP                    0040a531     Irvine32:Irvine32.obj
 0003:00001535       ??0006                     0040a535     Irvine32:Irvine32.obj
 0003:0000153c       ??0007                     0040a53c     Irvine32:Irvine32.obj
 0003:00001543       ??0008                     0040a543     Irvine32:Irvine32.obj
 0003:0000154a       ??0009                     0040a54a     Irvine32:Irvine32.obj
 0003:00001551       ??000A                     0040a551     Irvine32:Irvine32.obj
 0003:00001558       ??000B                     0040a558     Irvine32:Irvine32.obj
 0003:0000155f       ??000C                     0040a55f     Irvine32:Irvine32.obj
 0003:00001566       ??000D                     0040a566     Irvine32:Irvine32.obj
 0003:0000156d       ??000E                     0040a56d     Irvine32:Irvine32.obj
 0003:00001574       ??000F                     0040a574     Irvine32:Irvine32.obj
 0003:0000157b       ??0010                     0040a57b     Irvine32:Irvine32.obj
 0003:00001580       ??0011                     0040a580     Irvine32:Irvine32.obj
 0003:00001582       ??0013                     0040a582     Irvine32:Irvine32.obj
 0003:00001587       ??0014                     0040a587     Irvine32:Irvine32.obj
 0003:00001589       ??0016                     0040a589     Irvine32:Irvine32.obj
 0003:0000158e       ??0017                     0040a58e     Irvine32:Irvine32.obj
 0003:00001590       ??0019                     0040a590     Irvine32:Irvine32.obj
 0003:00001595       ??001A                     0040a595     Irvine32:Irvine32.obj
 0003:00001597       ??001C                     0040a597     Irvine32:Irvine32.obj
 0003:0000159c       ??001D                     0040a59c     Irvine32:Irvine32.obj
 0003:0000159e       ??001F                     0040a59e     Irvine32:Irvine32.obj
 0003:000015a3       ??0020                     0040a5a3     Irvine32:Irvine32.obj
 0003:000015a5       _cursorPosition            0040a5a5     Irvine32:Irvine32.obj
 0003:000015a9       @zx02abc_def_caption       0040a5a9     Irvine32:Irvine32.obj
 0003:000015ab       @zq02abc_def_caption       0040a5ab     Irvine32:Irvine32.obj
 0003:000015ad       overflow_msgL              0040a5ad     Irvine32:Irvine32.obj
 0003:000015c8       invalid_msgL               0040a5c8     Irvine32:Irvine32.obj
 0003:000015db       seed                       0040a5db     Irvine32:Irvine32.obj
 0003:000015df       xbtable                    0040a5df     Irvine32:Irvine32.obj
 0003:000015f6       numVal                     0040a5f6     Irvine32:Irvine32.obj
 0003:000015fa       charVal                    0040a5fa     Irvine32:Irvine32.obj
 0003:000015fb       evBuffer                   0040a5fb     Irvine32:Irvine32.obj
 0003:0000160f       evRepeat                   0040a60f     Irvine32:Irvine32.obj
 0003:00001611       SpecialCases               0040a611     Irvine32:Irvine32.obj
 0003:00001652       _$$temp                    0040a652     Irvine32:Irvine32.obj
 0003:00001656       waitmsgstr                 0040a656     Irvine32:Irvine32.obj
 0003:00001673       bufferL                    0040a673     Irvine32:Irvine32.obj
 0003:00001680       bufferLHB                  0040a680     Irvine32:Irvine32.obj
 0003:00001689       buffer_B                   0040a689     Irvine32:Irvine32.obj
 0003:00001696       neg_flag                   0040a696     Irvine32:Irvine32.obj
 0003:00001697       LblStack                   0040a697     Irvine32:Irvine32.obj
 0003:000016a4       LblFor                     0040a6a4     Irvine32:Irvine32.obj
 0003:000016a9       LblEbp                     0040a6a9     Irvine32:Irvine32.obj
 0003:000016af       LblParam                   0040a6af     Irvine32:Irvine32.obj
 0003:000016bc       LblEbpPtr                  0040a6bc     Irvine32:Irvine32.obj
 0003:000016d2       LblSaved                   0040a6d2     Irvine32:Irvine32.obj
 0003:000016e4       LblLocal                   0040a6e4     Irvine32:Irvine32.obj
 0003:000016f6       LblReturn                  0040a6f6     Irvine32:Irvine32.obj
 0003:00001708       LblEsp                     0040a708     Irvine32:Irvine32.obj
 0003:00001714       BadStackFrameMsg           0040a714     Irvine32:Irvine32.obj
 0003:0000172f       NoName                     0040a72f     Irvine32:Irvine32.obj
 0003:00001730       WriteToFile_1              0040a730     Irvine32:Irvine32.obj
 0003:00001734       WriteWindowsMsg_1          0040a734     Irvine32:Irvine32.obj
 0003:0000173b       WriteWindowsMsg_2          0040a73b     Irvine32:Irvine32.obj
 0003:0000173e       pErrorMsg                  0040a73e     Irvine32:Irvine32.obj
 0003:00001742       messageId                  0040a742     Irvine32:Irvine32.obj
 0003:00001a00       consoleInHandle            0040aa00     Irvine32:Irvine32.obj
 0003:00001a04       consoleOutHandle           0040aa04     Irvine32:Irvine32.obj
 0003:00001a08       bytesWritten               0040aa08     Irvine32:Irvine32.obj
 0003:00001a0c       eflags                     0040aa0c     Irvine32:Irvine32.obj
 0003:00001a10       digitBuffer                0040aa10     Irvine32:Irvine32.obj
 0003:00001a61       buffer                     0040aa61     Irvine32:Irvine32.obj
 0003:00001c61       bytesRead                  0040ac61     Irvine32:Irvine32.obj
 0003:00001c65       sysTime                    0040ac65     Irvine32:Irvine32.obj
 0004:00000432       .idata$6                   0040b432     kernel32:KERNEL32.dll
 0004:0000044e       .idata$6                   0040b44e     user32:USER32.dll
 0005:00000170       $R000000                   0040c170     * linker generated manifest res *
