 finalProjectPro

 Timestamp is 639e436f (Sun Dec 18 06:32:15 2022)

 Preferred load address is 00400000

 Start         Length     Name                   Class
 0001:00000000 00002730H .text                   CODE
 0001:00002730 00001e67H .text$mn                CODE
 0002:00000000 00000144H .rdata                  DATA
 0002:00000143 00000000H .edata                  DATA
 0002:00000144 00000194H .rdata$zzzdbg           DATA
 0003:00000000 00001730H .data                   DATA
 0003:00001730 000002f2H .bss                    DATA
 0004:00000000 000000e4H .idata$5                DATA
 0004:000000e4 00000028H .idata$2                DATA
 0004:0000010c 00000014H .idata$3                DATA
 0004:00000120 000000e4H .idata$4                DATA
 0004:00000204 00000391H .idata$6                DATA
 0005:00000000 00000170H .rsrc$01                DATA
 0005:00000170 000002ccH .rsrc$02                DATA

  Address         Publics by Value              Rva+Base       Lib:Object

 0000:00000000       ___AbsoluteZero            00000000     <absolute>
 0000:00000000       ___arm64x_extra_rfe_table  00000000     <absolute>
 0000:00000000       ___arm64x_extra_rfe_table_size 00000000     <absolute>
 0000:00000000       ___arm64x_native_entrypoint 00000000     <absolute>
 0000:00000000       ___arm64x_redirection_metadata 00000000     <absolute>
 0000:00000000       ___arm64x_redirection_metadata_count 00000000     <absolute>
 0000:00000000       ___dynamic_value_reloc_table 00000000     <absolute>
 0000:00000000       ___enclave_config          00000000     <absolute>
 0000:00000000       ___guard_check_icall_a64n_fptr 00000000     <absolute>
 0000:00000000       ___guard_eh_cont_count     00000000     <absolute>
 0000:00000000       ___guard_eh_cont_table     00000000     <absolute>
 0000:00000000       ___guard_fids_count        00000000     <absolute>
 0000:00000000       ___guard_fids_table        00000000     <absolute>
 0000:00000000       ___guard_flags             00000000     <absolute>
 0000:00000000       ___guard_iat_count         00000000     <absolute>
 0000:00000000       ___guard_iat_table         00000000     <absolute>
 0000:00000000       ___guard_longjmp_count     00000000     <absolute>
 0000:00000000       ___guard_longjmp_table     00000000     <absolute>
 0000:00000000       ___hybrid_auxiliary_iat    00000000     <absolute>
 0000:00000000       ___hybrid_auxiliary_iat_copy 00000000     <absolute>
 0000:00000000       ___hybrid_code_map         00000000     <absolute>
 0000:00000000       ___hybrid_code_map_count   00000000     <absolute>
 0000:00000000       ___safe_se_handler_count   00000000     <absolute>
 0000:00000000       ___safe_se_handler_table   00000000     <absolute>
 0000:00000000       ___volatile_metadata       00000000     <absolute>
 0000:00000000       ___x64_code_ranges_to_entry_points 00000000     <absolute>
 0000:00000000       ___x64_code_ranges_to_entry_points_count 00000000     <absolute>
 0001:000002b0       _CloseFile@0               004012b0 f   Irvine32:Irvine32.obj
 0001:000002b7       _Clrscr@0                  004012b7 f   Irvine32:Irvine32.obj
 0001:0000037c       _CreateOutputFile@0        0040137c f   Irvine32:Irvine32.obj
 0001:00000395       _Crlf@0                    00401395 f   Irvine32:Irvine32.obj
 0001:000003b0       _Delay@0                   004013b0 f   Irvine32:Irvine32.obj
 0001:000003b9       _DumpMem@0                 004013b9 f   Irvine32:Irvine32.obj
 0001:00000474       _DumpRegs@0                00401474 f   Irvine32:Irvine32.obj
 0001:0000066f       _GetCommandTail@0          0040166f f   Irvine32:Irvine32.obj
 0001:000006ac       _GetDateTime@4             004016ac f   Irvine32:Irvine32.obj
 0001:000006de       _GetMaxXY@0                004016de f   Irvine32:Irvine32.obj
 0001:0000070d       _GetMseconds@0             0040170d f   Irvine32:Irvine32.obj
 0001:0000076a       _GetTextColor@0            0040176a f   Irvine32:Irvine32.obj
 0001:00000795       _Gotoxy@0                  00401795 f   Irvine32:Irvine32.obj
 0001:000007ed       _IsDigit@0                 004017ed f   Irvine32:Irvine32.obj
 0001:000007fa       _MsgBox@0                  004017fa f   Irvine32:Irvine32.obj
 0001:00000811       _MsgBoxAsk@0               00401811 f   Irvine32:Irvine32.obj
 0001:00000830       _OpenInputFile@0           00401830 f   Irvine32:Irvine32.obj
 0001:00000849       _ParseDecimal32@0          00401849 f   Irvine32:Irvine32.obj
 0001:000008ab       _ParseInteger32@0          004018ab f   Irvine32:Irvine32.obj
 0001:00000966       _Random32@0                00401966 f   Irvine32:Irvine32.obj
 0001:00000981       _RandomRange@0             00401981 f   Irvine32:Irvine32.obj
 0001:00000996       _Randomize@0               00401996 f   Irvine32:Irvine32.obj
 0001:000009af       _ReadChar@0                004019af f   Irvine32:Irvine32.obj
 0001:000009c5       _ReadDec@0                 004019c5 f   Irvine32:Irvine32.obj
 0001:000009e0       _ReadFromFile@0            004019e0 f   Irvine32:Irvine32.obj
 0001:00000a03       _ReadHex@0                 00401a03 f   Irvine32:Irvine32.obj
 0001:00000a84       _ReadInt@0                 00401a84 f   Irvine32:Irvine32.obj
 0001:00000a9f       _ReadKey@0                 00401a9f f   Irvine32:Irvine32.obj
 0001:00000bba       _ReadKeyFlush@0            00401bba f   Irvine32:Irvine32.obj
 0001:00000c88       _ReadString@0              00401c88 f   Irvine32:Irvine32.obj
 0001:00000d41       _SetTextColor@0            00401d41 f   Irvine32:Irvine32.obj
 0001:00000d62       _StrLength@0               00401d62 f   Irvine32:Irvine32.obj
 0001:00000d73       _Str_compare@8             00401d73 f   Irvine32:Irvine32.obj
 0001:00000d9d       _Str_copy@8                00401d9d f   Irvine32:Irvine32.obj
 0001:00000dc0       _Str_length@4              00401dc0 f   Irvine32:Irvine32.obj
 0001:00000dda       _Str_trim@8                00401dda f   Irvine32:Irvine32.obj
 0001:00000e08       _Str_ucase@4               00401e08 f   Irvine32:Irvine32.obj
 0001:00000e2a       _WaitMsg@0                 00401e2a f   Irvine32:Irvine32.obj
 0001:00000e3c       _WriteBin@0                00401e3c f   Irvine32:Irvine32.obj
 0001:00000e49       _WriteBinB@0               00401e49 f   Irvine32:Irvine32.obj
 0001:00000e9c       _WriteChar@0               00401e9c f   Irvine32:Irvine32.obj
 0001:00000ece       _WriteDec@0                00401ece f   Irvine32:Irvine32.obj
 0001:00000f0f       _WriteHex@0                00401f0f f   Irvine32:Irvine32.obj
 0001:00000f1c       _WriteHexB@0               00401f1c f   Irvine32:Irvine32.obj
 0001:00000fae       _WriteInt@0                00401fae f   Irvine32:Irvine32.obj
 0001:0000100f       _WriteStackFrameName@16    0040200f f   Irvine32:Irvine32.obj
 0001:0000118f       _WriteStackFrame@12        0040218f f   Irvine32:Irvine32.obj
 0001:000011a9       _WriteString@0             004021a9 f   Irvine32:Irvine32.obj
 0001:000011d5       _WriteToFile@0             004021d5 f   Irvine32:Irvine32.obj
 0001:000011ea       _WriteWindowsMsg@0         004021ea f   Irvine32:Irvine32.obj
 0001:00002730       _main@0                    00403730 f   main.obj
 0001:00002bab       _printStartScene@0         00403bab f   main.obj
 0001:00002ef3       _printLevel@4              00403ef3 f   main.obj
 0001:00002f31       _printScore@4              00403f31 f   main.obj
 0001:00002f6f       _printLives@4              00403f6f f   main.obj
 0001:00002fad       _printBogys@4              00403fad f   main.obj
 0001:00002feb       _bogyWalking@4             00403feb f   main.obj
 0001:00003023       _bogyClear@4               00404023 f   main.obj
 0001:0000305b       _tankWalking@4             0040405b f   main.obj
 0001:00003093       _tankClear@4               00404093 f   main.obj
 0001:000030cb       _noWorkWalking@4           004040cb f   main.obj
 0001:000030ee       _noWorkClear@4             004040ee f   main.obj
 0001:00003111       _printGreenLine@4          00404111 f   main.obj
 0001:0000316a       _decStrLevel@4             0040416a f   main.obj
 0001:00003190       _decStrScore@4             00404190 f   main.obj
 0001:000031b6       _decStrLives@4             004041b6 f   main.obj
 0001:000031dc       _decStrBogys@4             004041dc f   main.obj
 0001:000034b6       _ExitProcess@4             004044b6 f   kernel32:KERNEL32.dll
 0001:000034bc       _GetStdHandle@4            004044bc f   kernel32:KERNEL32.dll
 0001:000034c2       _SetConsoleCursorInfo@8    004044c2 f   kernel32:KERNEL32.dll
 0001:000034c8       _SetConsoleTitleA@4        004044c8 f   kernel32:KERNEL32.dll
 0001:000034ce       _SetConsoleWindowInfo@12   004044ce f   kernel32:KERNEL32.dll
 0001:000034d4       _WriteConsoleOutputCharacterA@20 004044d4 f   kernel32:KERNEL32.dll
 0001:000034da       _WriteConsoleOutputAttribute@20 004044da f   kernel32:KERNEL32.dll
 0001:000034e0       _CloseHandle@4             004044e0 f   kernel32:KERNEL32.dll
 0001:000034e6       _CreateFileA@28            004044e6 f   kernel32:KERNEL32.dll
 0001:000034ec       _FormatMessageA@28         004044ec f   kernel32:KERNEL32.dll
 0001:000034f2       _FlushConsoleInputBuffer@4 004044f2 f   kernel32:KERNEL32.dll
 0001:000034f8       _GetCommandLineA@0         004044f8 f   kernel32:KERNEL32.dll
 0001:000034fe       _GetConsoleMode@8          004044fe f   kernel32:KERNEL32.dll
 0001:00003504       _GetConsoleScreenBufferInfo@8 00404504 f   kernel32:KERNEL32.dll
 0001:0000350a       _GetLastError@0            0040450a f   kernel32:KERNEL32.dll
 0001:00003510       _GetLocalTime@4            00404510 f   kernel32:KERNEL32.dll
 0001:00003516       _GetSystemTime@4           00404516 f   kernel32:KERNEL32.dll
 0001:0000351c       _LocalFree@4               0040451c f   kernel32:KERNEL32.dll
 0001:00003522       _PeekConsoleInputA@16      00404522 f   kernel32:KERNEL32.dll
 0001:00003528       _ReadConsoleA@20           00404528 f   kernel32:KERNEL32.dll
 0001:0000352e       _ReadConsoleInputA@16      0040452e f   kernel32:KERNEL32.dll
 0001:00003534       _ReadFile@20               00404534 f   kernel32:KERNEL32.dll
 0001:0000353a       _SetConsoleCursorPosition@8 0040453a f   kernel32:KERNEL32.dll
 0001:00003540       _SetConsoleMode@8          00404540 f   kernel32:KERNEL32.dll
 0001:00003546       _SetConsoleTextAttribute@8 00404546 f   kernel32:KERNEL32.dll
 0001:0000354c       _Sleep@4                   0040454c f   kernel32:KERNEL32.dll
 0001:00003552       _SystemTimeToFileTime@8    00404552 f   kernel32:KERNEL32.dll
 0001:00003558       _WriteConsoleA@20          00404558 f   kernel32:KERNEL32.dll
 0001:0000355e       _WriteFile@20              0040455e f   kernel32:KERNEL32.dll
 0001:00003564       _MessageBoxA@16            00404564 f   user32:USER32.dll
 0004:00000000       __imp__ExitProcess@4       00409000     kernel32:KERNEL32.dll
 0004:00000004       __imp__GetStdHandle@4      00409004     kernel32:KERNEL32.dll
 0004:00000008       __imp__SetConsoleCursorInfo@8 00409008     kernel32:KERNEL32.dll
 0004:0000000c       __imp__SetConsoleTitleA@4  0040900c     kernel32:KERNEL32.dll
 0004:00000010       __imp__SetConsoleWindowInfo@12 00409010     kernel32:KERNEL32.dll
 0004:00000014       __imp__WriteConsoleOutputCharacterA@20 00409014     kernel32:KERNEL32.dll
 0004:00000018       __imp__WriteConsoleOutputAttribute@20 00409018     kernel32:KERNEL32.dll
 0004:0000001c       __imp__CloseHandle@4       0040901c     kernel32:KERNEL32.dll
 0004:00000020       __imp__CreateFileA@28      00409020     kernel32:KERNEL32.dll
 0004:00000024       __imp__FormatMessageA@28   00409024     kernel32:KERNEL32.dll
 0004:00000028       __imp__FlushConsoleInputBuffer@4 00409028     kernel32:KERNEL32.dll
 0004:0000002c       __imp__GetCommandLineA@0   0040902c     kernel32:KERNEL32.dll
 0004:00000030       __imp__GetConsoleMode@8    00409030     kernel32:KERNEL32.dll
 0004:00000034       __imp__GetConsoleScreenBufferInfo@8 00409034     kernel32:KERNEL32.dll
 0004:00000038       __imp__GetLastError@0      00409038     kernel32:KERNEL32.dll
 0004:0000003c       __imp__GetLocalTime@4      0040903c     kernel32:KERNEL32.dll
 0004:00000040       __imp__GetSystemTime@4     00409040     kernel32:KERNEL32.dll
 0004:00000044       __imp__LocalFree@4         00409044     kernel32:KERNEL32.dll
 0004:00000048       __imp__PeekConsoleInputA@16 00409048     kernel32:KERNEL32.dll
 0004:0000004c       __imp__ReadConsoleA@20     0040904c     kernel32:KERNEL32.dll
 0004:00000050       __imp__ReadConsoleInputA@16 00409050     kernel32:KERNEL32.dll
 0004:00000054       __imp__ReadFile@20         00409054     kernel32:KERNEL32.dll
 0004:00000058       __imp__SetConsoleCursorPosition@8 00409058     kernel32:KERNEL32.dll
 0004:0000005c       __imp__SetConsoleMode@8    0040905c     kernel32:KERNEL32.dll
 0004:00000060       __imp__SetConsoleTextAttribute@8 00409060     kernel32:KERNEL32.dll
 0004:00000064       __imp__Sleep@4             00409064     kernel32:KERNEL32.dll
 0004:00000068       __imp__SystemTimeToFileTime@8 00409068     kernel32:KERNEL32.dll
 0004:0000006c       __imp__WriteConsoleA@20    0040906c     kernel32:KERNEL32.dll
 0004:00000070       __imp__WriteFile@20        00409070     kernel32:KERNEL32.dll
 0004:00000074       \177KERNEL32_NULL_THUNK_DATA 00409074     kernel32:KERNEL32.dll
 0004:000000b4       __imp__MessageBoxA@16      004090b4     user32:USER32.dll
 0004:000000b8       \177USER32_NULL_THUNK_DATA 004090b8     user32:USER32.dll
 0004:000000e4       __IMPORT_DESCRIPTOR_KERNEL32 004090e4     kernel32:KERNEL32.dll
 0004:000000f8       __IMPORT_DESCRIPTOR_USER32 004090f8     user32:USER32.dll
 0004:0000010c       __NULL_IMPORT_DESCRIPTOR   0040910c     kernel32:KERNEL32.dll

 entry point at        0001:000000e1

 Static symbols

 0000:ffff4000       .debug$S                   00400000     kernel32:KERNEL32.dll
 0000:ffff4000       .debug$S                   00400000     kernel32:KERNEL32.dll
 0000:ffff4000       .debug$S                   00400000     kernel32:KERNEL32.dll
 0000:ffff4000       .debug$S                   00400000     kernel32:KERNEL32.dll
 0000:ffff4000       .debug$S                   00400000     kernel32:KERNEL32.dll
 0000:ffff4000       .debug$S                   00400000     kernel32:KERNEL32.dll
 0000:ffff4000       .debug$S                   00400000     kernel32:KERNEL32.dll
 0000:ffff4000       .debug$S                   00400000     kernel32:KERNEL32.dll
 0000:ffff4000       .debug$S                   00400000     kernel32:KERNEL32.dll
 0000:ffff4000       .debug$S                   00400000     kernel32:KERNEL32.dll
 0000:ffff4000       .debug$S                   00400000     kernel32:KERNEL32.dll
 0000:ffff4000       .debug$S                   00400000     kernel32:KERNEL32.dll
 0000:ffff4000       .debug$S                   00400000     kernel32:KERNEL32.dll
 0000:ffff4000       .debug$S                   00400000     kernel32:KERNEL32.dll
 0000:ffff4000       .debug$S                   00400000     kernel32:KERNEL32.dll
 0000:ffff4000       .debug$S                   00400000     kernel32:KERNEL32.dll
 0000:ffff4000       .debug$S                   00400000     kernel32:KERNEL32.dll
 0000:ffff4000       .debug$S                   00400000     kernel32:KERNEL32.dll
 0000:ffff4000       .debug$S                   00400000     kernel32:KERNEL32.dll
 0000:ffff4000       .debug$S                   00400000     kernel32:KERNEL32.dll
 0000:ffff4000       .debug$S                   00400000     kernel32:KERNEL32.dll
 0000:ffff4000       .debug$S                   00400000     kernel32:KERNEL32.dll
 0000:ffff4000       .debug$S                   00400000     kernel32:KERNEL32.dll
 0000:ffff4000       .debug$S                   00400000     kernel32:KERNEL32.dll
 0000:ffff4000       .debug$S                   00400000     kernel32:KERNEL32.dll
 0000:ffff4000       .debug$S                   00400000     kernel32:KERNEL32.dll
 0000:ffff4000       .debug$S                   00400000     kernel32:KERNEL32.dll
 0000:ffff4000       .debug$S                   00400000     kernel32:KERNEL32.dll
 0000:ffff4000       .debug$S                   00400000     kernel32:KERNEL32.dll
 0000:ffff4000       .debug$S                   00400000     user32:USER32.dll
 0001:000006a4       _scan_for_quote@0          004016a4 f   Irvine32:Irvine32.obj
 0001:000007cb       _Initialize@0              004017cb f   Irvine32:Irvine32.obj
 0001:00000bcf       _ReadKeyTranslate@0        00401bcf f   Irvine32:Irvine32.obj
 0001:00001245       _AsciiDigit@0              00402245 f   Irvine32:Irvine32.obj
 0001:0000124e       _HexByte@0                 0040224e f   Irvine32:Irvine32.obj
 0001:00002730       $$000000                   00403730     main.obj
 0003:00000000       windowTitleStr             00407000     main.obj
 0003:00000012       windowBound                00407012     main.obj
 0003:0000001a       consoleHandle              0040701a     main.obj
 0003:0000001e       xyPos                      0040701e     main.obj
 0003:00000022       xyPosTank                  00407022     main.obj
 0003:00000026       xyPosNoWork0               00407026     main.obj
 0003:0000002a       xyPosNoWork1               0040702a     main.obj
 0003:0000002e       xyPosNoWork2               0040702e     main.obj
 0003:00000032       xyPosNoWork3               00407032     main.obj
 0003:00000036       xyPosNoWork4               00407036     main.obj
 0003:0000003a       xyPosNoWork5               0040703a     main.obj
 0003:0000003e       xyPosNoWork6               0040703e     main.obj
 0003:00000042       xyPosNoWork7               00407042     main.obj
 0003:00000046       xyPosNoWork8               00407046     main.obj
 0003:0000004a       xyPosNoWork9               0040704a     main.obj
 0003:0000004e       xyPosNoWork10              0040704e     main.obj
 0003:00000052       xyPosNoWork11              00407052     main.obj
 0003:00000056       xyPosNoWork12              00407056     main.obj
 0003:0000005a       xyPosNoWork13              0040705a     main.obj
 0003:0000005e       xyPosNoWork14              0040705e     main.obj
 0003:00000062       xyPosNoWork15              00407062     main.obj
 0003:00000066       xyPosNoWork16              00407066     main.obj
 0003:0000006a       xyPosNoWork17              0040706a     main.obj
 0003:0000006e       xyPosNoWork18              0040706e     main.obj
 0003:00000072       xyPosNoWork19              00407072     main.obj
 0003:00000076       xyPosNoWork20              00407076     main.obj
 0003:0000007a       N10                        0040707a     main.obj
 0003:0000007c       N11                        0040707c     main.obj
 0003:0000007e       xyPosBogy0                 0040707e     main.obj
 0003:00000082       xyPosBogy1                 00407082     main.obj
 0003:00000086       xyPosBogy2                 00407086     main.obj
 0003:0000008a       xyPosBogy3                 0040708a     main.obj
 0003:0000008e       xyPosBogy4                 0040708e     main.obj
 0003:00000092       xyPosBogy5                 00407092     main.obj
 0003:00000096       cells_Written              00407096     main.obj
 0003:0000009a       startStr                   0040709a     main.obj
 0003:00000322       enterMsg                   00407322     main.obj
 0003:00000336       leaveMsg                   00407336     main.obj
 0003:0000034a       startTank                  0040734a     main.obj
 0003:000003f2       startBogy                  004073f2     main.obj
 0003:00000415       gameIntro                  00407415     main.obj
 0003:00000866       gameTank                   00407866     main.obj
 0003:0000087e       clearTank                  0040787e     main.obj
 0003:00000896       gameBogy                   00407896     main.obj
 0003:000008a5       clearBogy                  004078a5     main.obj
 0003:000008b4       bullet                     004078b4     main.obj
 0003:000008bb       clearBullet                004078bb     main.obj
 0003:000008c2       line                       004078c2     main.obj
 0003:000008c4       greenColor                 004078c4     main.obj
 0003:000008c6       yellowColor                004078c6     main.obj
 0003:000008c8       level                      004078c8     main.obj
 0003:000008d0       state                      004078d0     main.obj
 0003:000008d8       score                      004078d8     main.obj
 0003:000008e0       lives                      004078e0     main.obj
 0003:000008e8       bogys                      004078e8     main.obj
 0003:000008f0       levelNum                   004078f0     main.obj
 0003:000008f2       levelStr                   004078f2     main.obj
 0003:000008f6       paused                     004078f6     main.obj
 0003:000008fe       playing                    004078fe     main.obj
 0003:00000906       scoreNum                   00407906     main.obj
 0003:00000908       scoreStr                   00407908     main.obj
 0003:0000090c       livesNum                   0040790c     main.obj
 0003:0000090e       livesStr                   0040790e     main.obj
 0003:00000912       bogysNum                   00407912     main.obj
 0003:00000914       bogysStr                   00407914     main.obj
 0003:00000918       gameBgTB                   00407918     main.obj
 0003:00000987       gameBgM                    00407987     main.obj
 0003:00000c00       InitFlag                   00407c00     Irvine32:Irvine32.obj
 0003:00000c01       xtable                     00407c01     Irvine32:Irvine32.obj
 0003:00000c11       blanks                     00407c11     Irvine32:Irvine32.obj
 0003:00000e11       attribs                    00407e11     Irvine32:Irvine32.obj
 0003:00001211       lineLength                 00408211     Irvine32:Irvine32.obj
 0003:00001215       cursorLoc                  00408215     Irvine32:Irvine32.obj
 0003:00001219       count                      00408219     Irvine32:Irvine32.obj
 0003:0000121d       ??0002                     0040821d     Irvine32:Irvine32.obj
 0003:00001222       dumpPrompt                 00408222     Irvine32:Irvine32.obj
 0003:00001234       dashLine                   00408234     Irvine32:Irvine32.obj
 0003:00001256       ??0003                     00408256     Irvine32:Irvine32.obj
 0003:00001259       ??0004                     00408259     Irvine32:Irvine32.obj
 0003:0000125b       ??0005                     0040825b     Irvine32:Irvine32.obj
 0003:0000125d       saveIP                     0040825d     Irvine32:Irvine32.obj
 0003:00001261       saveESP                    00408261     Irvine32:Irvine32.obj
 0003:00001265       ??0006                     00408265     Irvine32:Irvine32.obj
 0003:0000126c       ??0007                     0040826c     Irvine32:Irvine32.obj
 0003:00001273       ??0008                     00408273     Irvine32:Irvine32.obj
 0003:0000127a       ??0009                     0040827a     Irvine32:Irvine32.obj
 0003:00001281       ??000A                     00408281     Irvine32:Irvine32.obj
 0003:00001288       ??000B                     00408288     Irvine32:Irvine32.obj
 0003:0000128f       ??000C                     0040828f     Irvine32:Irvine32.obj
 0003:00001296       ??000D                     00408296     Irvine32:Irvine32.obj
 0003:0000129d       ??000E                     0040829d     Irvine32:Irvine32.obj
 0003:000012a4       ??000F                     004082a4     Irvine32:Irvine32.obj
 0003:000012ab       ??0010                     004082ab     Irvine32:Irvine32.obj
 0003:000012b0       ??0011                     004082b0     Irvine32:Irvine32.obj
 0003:000012b2       ??0013                     004082b2     Irvine32:Irvine32.obj
 0003:000012b7       ??0014                     004082b7     Irvine32:Irvine32.obj
 0003:000012b9       ??0016                     004082b9     Irvine32:Irvine32.obj
 0003:000012be       ??0017                     004082be     Irvine32:Irvine32.obj
 0003:000012c0       ??0019                     004082c0     Irvine32:Irvine32.obj
 0003:000012c5       ??001A                     004082c5     Irvine32:Irvine32.obj
 0003:000012c7       ??001C                     004082c7     Irvine32:Irvine32.obj
 0003:000012cc       ??001D                     004082cc     Irvine32:Irvine32.obj
 0003:000012ce       ??001F                     004082ce     Irvine32:Irvine32.obj
 0003:000012d3       ??0020                     004082d3     Irvine32:Irvine32.obj
 0003:000012d5       _cursorPosition            004082d5     Irvine32:Irvine32.obj
 0003:000012d9       @zx02abc_def_caption       004082d9     Irvine32:Irvine32.obj
 0003:000012db       @zq02abc_def_caption       004082db     Irvine32:Irvine32.obj
 0003:000012dd       overflow_msgL              004082dd     Irvine32:Irvine32.obj
 0003:000012f8       invalid_msgL               004082f8     Irvine32:Irvine32.obj
 0003:0000130b       seed                       0040830b     Irvine32:Irvine32.obj
 0003:0000130f       xbtable                    0040830f     Irvine32:Irvine32.obj
 0003:00001326       numVal                     00408326     Irvine32:Irvine32.obj
 0003:0000132a       charVal                    0040832a     Irvine32:Irvine32.obj
 0003:0000132b       evBuffer                   0040832b     Irvine32:Irvine32.obj
 0003:0000133f       evRepeat                   0040833f     Irvine32:Irvine32.obj
 0003:00001341       SpecialCases               00408341     Irvine32:Irvine32.obj
 0003:00001382       _$$temp                    00408382     Irvine32:Irvine32.obj
 0003:00001386       waitmsgstr                 00408386     Irvine32:Irvine32.obj
 0003:000013a3       bufferL                    004083a3     Irvine32:Irvine32.obj
 0003:000013b0       bufferLHB                  004083b0     Irvine32:Irvine32.obj
 0003:000013b9       buffer_B                   004083b9     Irvine32:Irvine32.obj
 0003:000013c6       neg_flag                   004083c6     Irvine32:Irvine32.obj
 0003:000013c7       LblStack                   004083c7     Irvine32:Irvine32.obj
 0003:000013d4       LblFor                     004083d4     Irvine32:Irvine32.obj
 0003:000013d9       LblEbp                     004083d9     Irvine32:Irvine32.obj
 0003:000013df       LblParam                   004083df     Irvine32:Irvine32.obj
 0003:000013ec       LblEbpPtr                  004083ec     Irvine32:Irvine32.obj
 0003:00001402       LblSaved                   00408402     Irvine32:Irvine32.obj
 0003:00001414       LblLocal                   00408414     Irvine32:Irvine32.obj
 0003:00001426       LblReturn                  00408426     Irvine32:Irvine32.obj
 0003:00001438       LblEsp                     00408438     Irvine32:Irvine32.obj
 0003:00001444       BadStackFrameMsg           00408444     Irvine32:Irvine32.obj
 0003:0000145f       NoName                     0040845f     Irvine32:Irvine32.obj
 0003:00001460       WriteToFile_1              00408460     Irvine32:Irvine32.obj
 0003:00001464       WriteWindowsMsg_1          00408464     Irvine32:Irvine32.obj
 0003:0000146b       WriteWindowsMsg_2          0040846b     Irvine32:Irvine32.obj
 0003:0000146e       pErrorMsg                  0040846e     Irvine32:Irvine32.obj
 0003:00001472       messageId                  00408472     Irvine32:Irvine32.obj
 0003:00001730       consoleInHandle            00408730     Irvine32:Irvine32.obj
 0003:00001734       consoleOutHandle           00408734     Irvine32:Irvine32.obj
 0003:00001738       bytesWritten               00408738     Irvine32:Irvine32.obj
 0003:0000173c       eflags                     0040873c     Irvine32:Irvine32.obj
 0003:00001740       digitBuffer                00408740     Irvine32:Irvine32.obj
 0003:00001791       buffer                     00408791     Irvine32:Irvine32.obj
 0003:00001991       bytesRead                  00408991     Irvine32:Irvine32.obj
 0003:00001995       sysTime                    00408995     Irvine32:Irvine32.obj
 0004:00000432       .idata$6                   00409432     kernel32:KERNEL32.dll
 0004:0000044e       .idata$6                   0040944e     user32:USER32.dll
 0005:00000170       $R000000                   0040a170     * linker generated manifest res *
