 finalProjectPro

 Timestamp is 63a072b4 (Mon Dec 19 22:18:28 2022)

 Preferred load address is 00400000

 Start         Length     Name                   Class
 0001:00000000 00002750H .text                   CODE
 0001:00002750 000046a8H .text$mn                CODE
 0002:00000000 00000144H .rdata                  DATA
 0002:00000143 00000000H .edata                  DATA
 0002:00000144 00000194H .rdata$zzzdbg           DATA
 0003:00000000 00001f90H .data                   DATA
 0003:00001f90 000002f2H .bss                    DATA
 0004:00000000 000000e4H .idata$5                DATA
 0004:000000e4 00000028H .idata$2                DATA
 0004:0000010c 00000014H .idata$3                DATA
 0004:00000120 000000e4H .idata$4                DATA
 0004:00000204 00000391H .idata$6                DATA
 0005:00000000 00000170H .rsrc$01                DATA
 0005:00000170 000002ccH .rsrc$02                DATA

  Address         Publics by Value              Rva+Base       Lib:Object

 0000:00000000       ___AbsoluteZero            00000000     <absolute>
 0000:00000000       ___arm64x_extra_rfe_table  00000000     <absolute>
 0000:00000000       ___arm64x_extra_rfe_table_size 00000000     <absolute>
 0000:00000000       ___arm64x_native_entrypoint 00000000     <absolute>
 0000:00000000       ___arm64x_redirection_metadata 00000000     <absolute>
 0000:00000000       ___arm64x_redirection_metadata_count 00000000     <absolute>
 0000:00000000       ___dynamic_value_reloc_table 00000000     <absolute>
 0000:00000000       ___enclave_config          00000000     <absolute>
 0000:00000000       ___guard_check_icall_a64n_fptr 00000000     <absolute>
 0000:00000000       ___guard_eh_cont_count     00000000     <absolute>
 0000:00000000       ___guard_eh_cont_table     00000000     <absolute>
 0000:00000000       ___guard_fids_count        00000000     <absolute>
 0000:00000000       ___guard_fids_table        00000000     <absolute>
 0000:00000000       ___guard_flags             00000000     <absolute>
 0000:00000000       ___guard_iat_count         00000000     <absolute>
 0000:00000000       ___guard_iat_table         00000000     <absolute>
 0000:00000000       ___guard_longjmp_count     00000000     <absolute>
 0000:00000000       ___guard_longjmp_table     00000000     <absolute>
 0000:00000000       ___hybrid_auxiliary_iat    00000000     <absolute>
 0000:00000000       ___hybrid_auxiliary_iat_copy 00000000     <absolute>
 0000:00000000       ___hybrid_code_map         00000000     <absolute>
 0000:00000000       ___hybrid_code_map_count   00000000     <absolute>
 0000:00000000       ___safe_se_handler_count   00000000     <absolute>
 0000:00000000       ___safe_se_handler_table   00000000     <absolute>
 0000:00000000       ___volatile_metadata       00000000     <absolute>
 0000:00000000       ___x64_code_ranges_to_entry_points 00000000     <absolute>
 0000:00000000       ___x64_code_ranges_to_entry_points_count 00000000     <absolute>
 0001:000002d0       _CloseFile@0               004012d0 f   Irvine32:Irvine32.obj
 0001:000002d7       _Clrscr@0                  004012d7 f   Irvine32:Irvine32.obj
 0001:0000039c       _CreateOutputFile@0        0040139c f   Irvine32:Irvine32.obj
 0001:000003b5       _Crlf@0                    004013b5 f   Irvine32:Irvine32.obj
 0001:000003d0       _Delay@0                   004013d0 f   Irvine32:Irvine32.obj
 0001:000003d9       _DumpMem@0                 004013d9 f   Irvine32:Irvine32.obj
 0001:00000494       _DumpRegs@0                00401494 f   Irvine32:Irvine32.obj
 0001:0000068f       _GetCommandTail@0          0040168f f   Irvine32:Irvine32.obj
 0001:000006cc       _GetDateTime@4             004016cc f   Irvine32:Irvine32.obj
 0001:000006fe       _GetMaxXY@0                004016fe f   Irvine32:Irvine32.obj
 0001:0000072d       _GetMseconds@0             0040172d f   Irvine32:Irvine32.obj
 0001:0000078a       _GetTextColor@0            0040178a f   Irvine32:Irvine32.obj
 0001:000007b5       _Gotoxy@0                  004017b5 f   Irvine32:Irvine32.obj
 0001:0000080d       _IsDigit@0                 0040180d f   Irvine32:Irvine32.obj
 0001:0000081a       _MsgBox@0                  0040181a f   Irvine32:Irvine32.obj
 0001:00000831       _MsgBoxAsk@0               00401831 f   Irvine32:Irvine32.obj
 0001:00000850       _OpenInputFile@0           00401850 f   Irvine32:Irvine32.obj
 0001:00000869       _ParseDecimal32@0          00401869 f   Irvine32:Irvine32.obj
 0001:000008cb       _ParseInteger32@0          004018cb f   Irvine32:Irvine32.obj
 0001:00000986       _Random32@0                00401986 f   Irvine32:Irvine32.obj
 0001:000009a1       _RandomRange@0             004019a1 f   Irvine32:Irvine32.obj
 0001:000009b6       _Randomize@0               004019b6 f   Irvine32:Irvine32.obj
 0001:000009cf       _ReadChar@0                004019cf f   Irvine32:Irvine32.obj
 0001:000009e5       _ReadDec@0                 004019e5 f   Irvine32:Irvine32.obj
 0001:00000a00       _ReadFromFile@0            00401a00 f   Irvine32:Irvine32.obj
 0001:00000a23       _ReadHex@0                 00401a23 f   Irvine32:Irvine32.obj
 0001:00000aa4       _ReadInt@0                 00401aa4 f   Irvine32:Irvine32.obj
 0001:00000abf       _ReadKey@0                 00401abf f   Irvine32:Irvine32.obj
 0001:00000bda       _ReadKeyFlush@0            00401bda f   Irvine32:Irvine32.obj
 0001:00000ca8       _ReadString@0              00401ca8 f   Irvine32:Irvine32.obj
 0001:00000d61       _SetTextColor@0            00401d61 f   Irvine32:Irvine32.obj
 0001:00000d82       _StrLength@0               00401d82 f   Irvine32:Irvine32.obj
 0001:00000d93       _Str_compare@8             00401d93 f   Irvine32:Irvine32.obj
 0001:00000dbd       _Str_copy@8                00401dbd f   Irvine32:Irvine32.obj
 0001:00000de0       _Str_length@4              00401de0 f   Irvine32:Irvine32.obj
 0001:00000dfa       _Str_trim@8                00401dfa f   Irvine32:Irvine32.obj
 0001:00000e28       _Str_ucase@4               00401e28 f   Irvine32:Irvine32.obj
 0001:00000e4a       _WaitMsg@0                 00401e4a f   Irvine32:Irvine32.obj
 0001:00000e5c       _WriteBin@0                00401e5c f   Irvine32:Irvine32.obj
 0001:00000e69       _WriteBinB@0               00401e69 f   Irvine32:Irvine32.obj
 0001:00000ebc       _WriteChar@0               00401ebc f   Irvine32:Irvine32.obj
 0001:00000eee       _WriteDec@0                00401eee f   Irvine32:Irvine32.obj
 0001:00000f2f       _WriteHex@0                00401f2f f   Irvine32:Irvine32.obj
 0001:00000f3c       _WriteHexB@0               00401f3c f   Irvine32:Irvine32.obj
 0001:00000fce       _WriteInt@0                00401fce f   Irvine32:Irvine32.obj
 0001:0000102f       _WriteStackFrameName@16    0040202f f   Irvine32:Irvine32.obj
 0001:000011af       _WriteStackFrame@12        004021af f   Irvine32:Irvine32.obj
 0001:000011c9       _WriteString@0             004021c9 f   Irvine32:Irvine32.obj
 0001:000011f5       _WriteToFile@0             004021f5 f   Irvine32:Irvine32.obj
 0001:0000120a       _WriteWindowsMsg@0         0040220a f   Irvine32:Irvine32.obj
 0001:00002750       _main@0                    00403750 f   main.obj
 0001:00004569       _printStartScene@0         00405569 f   main.obj
 0001:00004864       _printGameStage@0          00405864 f   main.obj
 0001:000049ea       _printEndScene@0           004059ea f   main.obj
 0001:00004d21       _printLevel@4              00405d21 f   main.obj
 0001:00004d5f       _printScore@4              00405d5f f   main.obj
 0001:00004d9d       _printLives@4              00405d9d f   main.obj
 0001:00004ddb       _printBogys@4              00405ddb f   main.obj
 0001:00004e19       _initialLevelBogyPos@0     00405e19 f   main.obj
 0001:00004f12       _bogyWalking@4             00405f12 f   main.obj
 0001:00004ff1       _bogyClear@4               00405ff1 f   main.obj
 0001:00005029       _tankWalking@4             00406029 f   main.obj
 0001:00005097       _tankClear@4               00406097 f   main.obj
 0001:00005105       _noWorkWalking@4           00406105 f   main.obj
 0001:00005142       _noWorkClear@4             00406142 f   main.obj
 0001:00005165       _printGreenLine@4          00406165 f   main.obj
 0001:000051be       _decStrLevel@4             004061be f   main.obj
 0001:000051e4       _decStrScore@4             004061e4 f   main.obj
 0001:0000520a       _decStrLives@4             0040620a f   main.obj
 0001:00005230       _decStrBogys@4             00406230 f   main.obj
 0001:00005d17       _ExitProcess@4             00406d17 f   kernel32:KERNEL32.dll
 0001:00005d1d       _GetStdHandle@4            00406d1d f   kernel32:KERNEL32.dll
 0001:00005d23       _SetConsoleCursorInfo@8    00406d23 f   kernel32:KERNEL32.dll
 0001:00005d29       _SetConsoleTitleA@4        00406d29 f   kernel32:KERNEL32.dll
 0001:00005d2f       _SetConsoleWindowInfo@12   00406d2f f   kernel32:KERNEL32.dll
 0001:00005d35       _WriteConsoleOutputCharacterA@20 00406d35 f   kernel32:KERNEL32.dll
 0001:00005d3b       _WriteConsoleOutputAttribute@20 00406d3b f   kernel32:KERNEL32.dll
 0001:00005d41       _CloseHandle@4             00406d41 f   kernel32:KERNEL32.dll
 0001:00005d47       _CreateFileA@28            00406d47 f   kernel32:KERNEL32.dll
 0001:00005d4d       _FormatMessageA@28         00406d4d f   kernel32:KERNEL32.dll
 0001:00005d53       _FlushConsoleInputBuffer@4 00406d53 f   kernel32:KERNEL32.dll
 0001:00005d59       _GetCommandLineA@0         00406d59 f   kernel32:KERNEL32.dll
 0001:00005d5f       _GetConsoleMode@8          00406d5f f   kernel32:KERNEL32.dll
 0001:00005d65       _GetConsoleScreenBufferInfo@8 00406d65 f   kernel32:KERNEL32.dll
 0001:00005d6b       _GetLastError@0            00406d6b f   kernel32:KERNEL32.dll
 0001:00005d71       _GetLocalTime@4            00406d71 f   kernel32:KERNEL32.dll
 0001:00005d77       _GetSystemTime@4           00406d77 f   kernel32:KERNEL32.dll
 0001:00005d7d       _LocalFree@4               00406d7d f   kernel32:KERNEL32.dll
 0001:00005d83       _PeekConsoleInputA@16      00406d83 f   kernel32:KERNEL32.dll
 0001:00005d89       _ReadConsoleA@20           00406d89 f   kernel32:KERNEL32.dll
 0001:00005d8f       _ReadConsoleInputA@16      00406d8f f   kernel32:KERNEL32.dll
 0001:00005d95       _ReadFile@20               00406d95 f   kernel32:KERNEL32.dll
 0001:00005d9b       _SetConsoleCursorPosition@8 00406d9b f   kernel32:KERNEL32.dll
 0001:00005da1       _SetConsoleMode@8          00406da1 f   kernel32:KERNEL32.dll
 0001:00005da7       _SetConsoleTextAttribute@8 00406da7 f   kernel32:KERNEL32.dll
 0001:00005dad       _Sleep@4                   00406dad f   kernel32:KERNEL32.dll
 0001:00005db3       _SystemTimeToFileTime@8    00406db3 f   kernel32:KERNEL32.dll
 0001:00005db9       _WriteConsoleA@20          00406db9 f   kernel32:KERNEL32.dll
 0001:00005dbf       _WriteFile@20              00406dbf f   kernel32:KERNEL32.dll
 0001:00005dc5       _MessageBoxA@16            00406dc5 f   user32:USER32.dll
 0004:00000000       __imp__ExitProcess@4       0040c000     kernel32:KERNEL32.dll
 0004:00000004       __imp__GetStdHandle@4      0040c004     kernel32:KERNEL32.dll
 0004:00000008       __imp__SetConsoleCursorInfo@8 0040c008     kernel32:KERNEL32.dll
 0004:0000000c       __imp__SetConsoleTitleA@4  0040c00c     kernel32:KERNEL32.dll
 0004:00000010       __imp__SetConsoleWindowInfo@12 0040c010     kernel32:KERNEL32.dll
 0004:00000014       __imp__WriteConsoleOutputCharacterA@20 0040c014     kernel32:KERNEL32.dll
 0004:00000018       __imp__WriteConsoleOutputAttribute@20 0040c018     kernel32:KERNEL32.dll
 0004:0000001c       __imp__CloseHandle@4       0040c01c     kernel32:KERNEL32.dll
 0004:00000020       __imp__CreateFileA@28      0040c020     kernel32:KERNEL32.dll
 0004:00000024       __imp__FormatMessageA@28   0040c024     kernel32:KERNEL32.dll
 0004:00000028       __imp__FlushConsoleInputBuffer@4 0040c028     kernel32:KERNEL32.dll
 0004:0000002c       __imp__GetCommandLineA@0   0040c02c     kernel32:KERNEL32.dll
 0004:00000030       __imp__GetConsoleMode@8    0040c030     kernel32:KERNEL32.dll
 0004:00000034       __imp__GetConsoleScreenBufferInfo@8 0040c034     kernel32:KERNEL32.dll
 0004:00000038       __imp__GetLastError@0      0040c038     kernel32:KERNEL32.dll
 0004:0000003c       __imp__GetLocalTime@4      0040c03c     kernel32:KERNEL32.dll
 0004:00000040       __imp__GetSystemTime@4     0040c040     kernel32:KERNEL32.dll
 0004:00000044       __imp__LocalFree@4         0040c044     kernel32:KERNEL32.dll
 0004:00000048       __imp__PeekConsoleInputA@16 0040c048     kernel32:KERNEL32.dll
 0004:0000004c       __imp__ReadConsoleA@20     0040c04c     kernel32:KERNEL32.dll
 0004:00000050       __imp__ReadConsoleInputA@16 0040c050     kernel32:KERNEL32.dll
 0004:00000054       __imp__ReadFile@20         0040c054     kernel32:KERNEL32.dll
 0004:00000058       __imp__SetConsoleCursorPosition@8 0040c058     kernel32:KERNEL32.dll
 0004:0000005c       __imp__SetConsoleMode@8    0040c05c     kernel32:KERNEL32.dll
 0004:00000060       __imp__SetConsoleTextAttribute@8 0040c060     kernel32:KERNEL32.dll
 0004:00000064       __imp__Sleep@4             0040c064     kernel32:KERNEL32.dll
 0004:00000068       __imp__SystemTimeToFileTime@8 0040c068     kernel32:KERNEL32.dll
 0004:0000006c       __imp__WriteConsoleA@20    0040c06c     kernel32:KERNEL32.dll
 0004:00000070       __imp__WriteFile@20        0040c070     kernel32:KERNEL32.dll
 0004:00000074       \177KERNEL32_NULL_THUNK_DATA 0040c074     kernel32:KERNEL32.dll
 0004:000000b4       __imp__MessageBoxA@16      0040c0b4     user32:USER32.dll
 0004:000000b8       \177USER32_NULL_THUNK_DATA 0040c0b8     user32:USER32.dll
 0004:000000e4       __IMPORT_DESCRIPTOR_KERNEL32 0040c0e4     kernel32:KERNEL32.dll
 0004:000000f8       __IMPORT_DESCRIPTOR_USER32 0040c0f8     user32:USER32.dll
 0004:0000010c       __NULL_IMPORT_DESCRIPTOR   0040c10c     kernel32:KERNEL32.dll

 entry point at        0001:000000f0

 Static symbols

 0000:ffff1000       .debug$S                   00400000     kernel32:KERNEL32.dll
 0000:ffff1000       .debug$S                   00400000     kernel32:KERNEL32.dll
 0000:ffff1000       .debug$S                   00400000     kernel32:KERNEL32.dll
 0000:ffff1000       .debug$S                   00400000     kernel32:KERNEL32.dll
 0000:ffff1000       .debug$S                   00400000     kernel32:KERNEL32.dll
 0000:ffff1000       .debug$S                   00400000     kernel32:KERNEL32.dll
 0000:ffff1000       .debug$S                   00400000     kernel32:KERNEL32.dll
 0000:ffff1000       .debug$S                   00400000     kernel32:KERNEL32.dll
 0000:ffff1000       .debug$S                   00400000     kernel32:KERNEL32.dll
 0000:ffff1000       .debug$S                   00400000     kernel32:KERNEL32.dll
 0000:ffff1000       .debug$S                   00400000     kernel32:KERNEL32.dll
 0000:ffff1000       .debug$S                   00400000     kernel32:KERNEL32.dll
 0000:ffff1000       .debug$S                   00400000     kernel32:KERNEL32.dll
 0000:ffff1000       .debug$S                   00400000     kernel32:KERNEL32.dll
 0000:ffff1000       .debug$S                   00400000     kernel32:KERNEL32.dll
 0000:ffff1000       .debug$S                   00400000     kernel32:KERNEL32.dll
 0000:ffff1000       .debug$S                   00400000     kernel32:KERNEL32.dll
 0000:ffff1000       .debug$S                   00400000     kernel32:KERNEL32.dll
 0000:ffff1000       .debug$S                   00400000     kernel32:KERNEL32.dll
 0000:ffff1000       .debug$S                   00400000     kernel32:KERNEL32.dll
 0000:ffff1000       .debug$S                   00400000     kernel32:KERNEL32.dll
 0000:ffff1000       .debug$S                   00400000     kernel32:KERNEL32.dll
 0000:ffff1000       .debug$S                   00400000     kernel32:KERNEL32.dll
 0000:ffff1000       .debug$S                   00400000     kernel32:KERNEL32.dll
 0000:ffff1000       .debug$S                   00400000     kernel32:KERNEL32.dll
 0000:ffff1000       .debug$S                   00400000     kernel32:KERNEL32.dll
 0000:ffff1000       .debug$S                   00400000     kernel32:KERNEL32.dll
 0000:ffff1000       .debug$S                   00400000     kernel32:KERNEL32.dll
 0000:ffff1000       .debug$S                   00400000     kernel32:KERNEL32.dll
 0000:ffff1000       .debug$S                   00400000     user32:USER32.dll
 0001:000006c4       _scan_for_quote@0          004016c4 f   Irvine32:Irvine32.obj
 0001:000007eb       _Initialize@0              004017eb f   Irvine32:Irvine32.obj
 0001:00000bef       _ReadKeyTranslate@0        00401bef f   Irvine32:Irvine32.obj
 0001:00001265       _AsciiDigit@0              00402265 f   Irvine32:Irvine32.obj
 0001:0000126e       _HexByte@0                 0040226e f   Irvine32:Irvine32.obj
 0001:00002750       $$000000                   00403750     main.obj
 0003:00000000       windowTitleStr             00409000     main.obj
 0003:00000012       windowBound                00409012     main.obj
 0003:0000001a       consoleHandle              0040901a     main.obj
 0003:0000001e       xyPos                      0040901e     main.obj
 0003:00000022       xyPosTank                  00409022     main.obj
 0003:00000026       xyPosNoWork0               00409026     main.obj
 0003:0000002a       xyPosNoWork1               0040902a     main.obj
 0003:0000002e       xyPosNoWork2               0040902e     main.obj
 0003:00000032       xyPosNoWork3               00409032     main.obj
 0003:00000036       xyPosNoWork4               00409036     main.obj
 0003:0000003a       xyPosNoWork5               0040903a     main.obj
 0003:0000003e       xyPosNoWork6               0040903e     main.obj
 0003:00000042       xyPosNoWork7               00409042     main.obj
 0003:00000046       xyPosNoWork8               00409046     main.obj
 0003:0000004a       xyPosNoWork9               0040904a     main.obj
 0003:0000004e       xyPosNoWork10              0040904e     main.obj
 0003:00000052       xyPosNoWork11              00409052     main.obj
 0003:00000056       xyPosNoWork12              00409056     main.obj
 0003:0000005a       xyPosNoWork13              0040905a     main.obj
 0003:0000005e       xyPosNoWork14              0040905e     main.obj
 0003:00000062       xyPosNoWork15              00409062     main.obj
 0003:00000066       xyPosNoWork16              00409066     main.obj
 0003:0000006a       xyPosNoWork17              0040906a     main.obj
 0003:0000006e       xyPosNoWork18              0040906e     main.obj
 0003:00000072       xyPosNoWork19              00409072     main.obj
 0003:00000076       xyPosNoWork20              00409076     main.obj
 0003:0000007a       N0                         0040907a     main.obj
 0003:0000007c       N1                         0040907c     main.obj
 0003:0000007e       N2                         0040907e     main.obj
 0003:00000080       N3                         00409080     main.obj
 0003:00000082       N4                         00409082     main.obj
 0003:00000084       N5                         00409084     main.obj
 0003:00000086       N6                         00409086     main.obj
 0003:00000088       N7                         00409088     main.obj
 0003:0000008a       N8                         0040908a     main.obj
 0003:0000008c       N9                         0040908c     main.obj
 0003:0000008e       N10                        0040908e     main.obj
 0003:00000090       N11                        00409090     main.obj
 0003:00000092       N12                        00409092     main.obj
 0003:00000094       N13                        00409094     main.obj
 0003:00000096       N14                        00409096     main.obj
 0003:00000098       N15                        00409098     main.obj
 0003:0000009a       N16                        0040909a     main.obj
 0003:0000009c       N17                        0040909c     main.obj
 0003:0000009e       N18                        0040909e     main.obj
 0003:000000a0       N19                        004090a0     main.obj
 0003:000000a2       N20                        004090a2     main.obj
 0003:000000a4       xPosBogy0LevelArr          004090a4     main.obj
 0003:000000aa       xPosBogy1LevelArr          004090aa     main.obj
 0003:000000b0       xPosBogy2LevelArr          004090b0     main.obj
 0003:000000b6       xPosBogy3LevelArr          004090b6     main.obj
 0003:000000bc       xPosBogy4LevelArr          004090bc     main.obj
 0003:000000c2       xPosBogy5LevelArr          004090c2     main.obj
 0003:000000c8       xyPosBogy0                 004090c8     main.obj
 0003:000000cc       xyPosBogy1                 004090cc     main.obj
 0003:000000d0       xyPosBogy2                 004090d0     main.obj
 0003:000000d4       xyPosBogy3                 004090d4     main.obj
 0003:000000d8       xyPosBogy4                 004090d8     main.obj
 0003:000000dc       xyPosBogy5                 004090dc     main.obj
 0003:000000e0       cells_Written              004090e0     main.obj
 0003:000000e4       startStr                   004090e4     main.obj
 0003:0000036c       startColor                 0040936c     main.obj
 0003:00000444       enterMsg                   00409444     main.obj
 0003:00000457       leaveMsg                   00409457     main.obj
 0003:0000046a       restart                    0040946a     main.obj
 0003:0000047f       nextLevel                  0040947f     main.obj
 0003:00000497       finalMsg                   00409497     main.obj
 0003:000004ca       finalColor                 004094ca     main.obj
 0003:0000052e       startTank                  0040952e     main.obj
 0003:000005d6       startTankColor             004095d6     main.obj
 0003:00000726       startBogy                  00409726     main.obj
 0003:00000749       startBogyColor             00409749     main.obj
 0003:0000078f       gameIntro                  0040978f     main.obj
 0003:00000be0       gameIntroColor             00409be0     main.obj
 0003:00000c62       gameTank                   00409c62     main.obj
 0003:00000c7a       clearTank                  00409c7a     main.obj
 0003:00000c92       tankColor                  00409c92     main.obj
 0003:00000cc2       tankColorClear             00409cc2     main.obj
 0003:00000cf2       gameBogy                   00409cf2     main.obj
 0003:00000d01       clearBogy                  00409d01     main.obj
 0003:00000d10       gameBogyColor0             00409d10     main.obj
 0003:00000d2e       gameBogyColor1             00409d2e     main.obj
 0003:00000d4c       gameBogyColor2             00409d4c     main.obj
 0003:00000d6a       bullet                     00409d6a     main.obj
 0003:00000d71       clearBullet                00409d71     main.obj
 0003:00000d78       bulletColor                00409d78     main.obj
 0003:00000d84       line                       00409d84     main.obj
 0003:00000d86       greenColor                 00409d86     main.obj
 0003:00000d88       level                      00409d88     main.obj
 0003:00000d90       state                      00409d90     main.obj
 0003:00000d98       score                      00409d98     main.obj
 0003:00000da0       lives                      00409da0     main.obj
 0003:00000da8       bogys                      00409da8     main.obj
 0003:00000db0       levelNum                   00409db0     main.obj
 0003:00000db2       levelStr                   00409db2     main.obj
 0003:00000db6       paused                     00409db6     main.obj
 0003:00000dbe       playing                    00409dbe     main.obj
 0003:00000dc6       scoreNum                   00409dc6     main.obj
 0003:00000dc8       scoreNumInLevel            00409dc8     main.obj
 0003:00000dca       scoreStr                   00409dca     main.obj
 0003:00000dce       livesNum                   00409dce     main.obj
 0003:00000dd0       livesNumInLevel            00409dd0     main.obj
 0003:00000dd2       livesStr                   00409dd2     main.obj
 0003:00000dd6       bogysNum                   00409dd6     main.obj
 0003:00000dd8       bogysStr                   00409dd8     main.obj
 0003:00000ddc       gameBgTB                   00409ddc     main.obj
 0003:00000e4b       gameBgM                    00409e4b     main.obj
 0003:00000eba       winStr                     00409eba     main.obj
 0003:00000f92       winColor                   00409f92     main.obj
 0003:00000fda       loseColor                  00409fda     main.obj
 0003:00001022       loseStr                    0040a022     main.obj
 0003:00001460       InitFlag                   0040a460     Irvine32:Irvine32.obj
 0003:00001461       xtable                     0040a461     Irvine32:Irvine32.obj
 0003:00001471       blanks                     0040a471     Irvine32:Irvine32.obj
 0003:00001671       attribs                    0040a671     Irvine32:Irvine32.obj
 0003:00001a71       lineLength                 0040aa71     Irvine32:Irvine32.obj
 0003:00001a75       cursorLoc                  0040aa75     Irvine32:Irvine32.obj
 0003:00001a79       count                      0040aa79     Irvine32:Irvine32.obj
 0003:00001a7d       ??0002                     0040aa7d     Irvine32:Irvine32.obj
 0003:00001a82       dumpPrompt                 0040aa82     Irvine32:Irvine32.obj
 0003:00001a94       dashLine                   0040aa94     Irvine32:Irvine32.obj
 0003:00001ab6       ??0003                     0040aab6     Irvine32:Irvine32.obj
 0003:00001ab9       ??0004                     0040aab9     Irvine32:Irvine32.obj
 0003:00001abb       ??0005                     0040aabb     Irvine32:Irvine32.obj
 0003:00001abd       saveIP                     0040aabd     Irvine32:Irvine32.obj
 0003:00001ac1       saveESP                    0040aac1     Irvine32:Irvine32.obj
 0003:00001ac5       ??0006                     0040aac5     Irvine32:Irvine32.obj
 0003:00001acc       ??0007                     0040aacc     Irvine32:Irvine32.obj
 0003:00001ad3       ??0008                     0040aad3     Irvine32:Irvine32.obj
 0003:00001ada       ??0009                     0040aada     Irvine32:Irvine32.obj
 0003:00001ae1       ??000A                     0040aae1     Irvine32:Irvine32.obj
 0003:00001ae8       ??000B                     0040aae8     Irvine32:Irvine32.obj
 0003:00001aef       ??000C                     0040aaef     Irvine32:Irvine32.obj
 0003:00001af6       ??000D                     0040aaf6     Irvine32:Irvine32.obj
 0003:00001afd       ??000E                     0040aafd     Irvine32:Irvine32.obj
 0003:00001b04       ??000F                     0040ab04     Irvine32:Irvine32.obj
 0003:00001b0b       ??0010                     0040ab0b     Irvine32:Irvine32.obj
 0003:00001b10       ??0011                     0040ab10     Irvine32:Irvine32.obj
 0003:00001b12       ??0013                     0040ab12     Irvine32:Irvine32.obj
 0003:00001b17       ??0014                     0040ab17     Irvine32:Irvine32.obj
 0003:00001b19       ??0016                     0040ab19     Irvine32:Irvine32.obj
 0003:00001b1e       ??0017                     0040ab1e     Irvine32:Irvine32.obj
 0003:00001b20       ??0019                     0040ab20     Irvine32:Irvine32.obj
 0003:00001b25       ??001A                     0040ab25     Irvine32:Irvine32.obj
 0003:00001b27       ??001C                     0040ab27     Irvine32:Irvine32.obj
 0003:00001b2c       ??001D                     0040ab2c     Irvine32:Irvine32.obj
 0003:00001b2e       ??001F                     0040ab2e     Irvine32:Irvine32.obj
 0003:00001b33       ??0020                     0040ab33     Irvine32:Irvine32.obj
 0003:00001b35       _cursorPosition            0040ab35     Irvine32:Irvine32.obj
 0003:00001b39       @zx02abc_def_caption       0040ab39     Irvine32:Irvine32.obj
 0003:00001b3b       @zq02abc_def_caption       0040ab3b     Irvine32:Irvine32.obj
 0003:00001b3d       overflow_msgL              0040ab3d     Irvine32:Irvine32.obj
 0003:00001b58       invalid_msgL               0040ab58     Irvine32:Irvine32.obj
 0003:00001b6b       seed                       0040ab6b     Irvine32:Irvine32.obj
 0003:00001b6f       xbtable                    0040ab6f     Irvine32:Irvine32.obj
 0003:00001b86       numVal                     0040ab86     Irvine32:Irvine32.obj
 0003:00001b8a       charVal                    0040ab8a     Irvine32:Irvine32.obj
 0003:00001b8b       evBuffer                   0040ab8b     Irvine32:Irvine32.obj
 0003:00001b9f       evRepeat                   0040ab9f     Irvine32:Irvine32.obj
 0003:00001ba1       SpecialCases               0040aba1     Irvine32:Irvine32.obj
 0003:00001be2       _$$temp                    0040abe2     Irvine32:Irvine32.obj
 0003:00001be6       waitmsgstr                 0040abe6     Irvine32:Irvine32.obj
 0003:00001c03       bufferL                    0040ac03     Irvine32:Irvine32.obj
 0003:00001c10       bufferLHB                  0040ac10     Irvine32:Irvine32.obj
 0003:00001c19       buffer_B                   0040ac19     Irvine32:Irvine32.obj
 0003:00001c26       neg_flag                   0040ac26     Irvine32:Irvine32.obj
 0003:00001c27       LblStack                   0040ac27     Irvine32:Irvine32.obj
 0003:00001c34       LblFor                     0040ac34     Irvine32:Irvine32.obj
 0003:00001c39       LblEbp                     0040ac39     Irvine32:Irvine32.obj
 0003:00001c3f       LblParam                   0040ac3f     Irvine32:Irvine32.obj
 0003:00001c4c       LblEbpPtr                  0040ac4c     Irvine32:Irvine32.obj
 0003:00001c62       LblSaved                   0040ac62     Irvine32:Irvine32.obj
 0003:00001c74       LblLocal                   0040ac74     Irvine32:Irvine32.obj
 0003:00001c86       LblReturn                  0040ac86     Irvine32:Irvine32.obj
 0003:00001c98       LblEsp                     0040ac98     Irvine32:Irvine32.obj
 0003:00001ca4       BadStackFrameMsg           0040aca4     Irvine32:Irvine32.obj
 0003:00001cbf       NoName                     0040acbf     Irvine32:Irvine32.obj
 0003:00001cc0       WriteToFile_1              0040acc0     Irvine32:Irvine32.obj
 0003:00001cc4       WriteWindowsMsg_1          0040acc4     Irvine32:Irvine32.obj
 0003:00001ccb       WriteWindowsMsg_2          0040accb     Irvine32:Irvine32.obj
 0003:00001cce       pErrorMsg                  0040acce     Irvine32:Irvine32.obj
 0003:00001cd2       messageId                  0040acd2     Irvine32:Irvine32.obj
 0003:00001f90       consoleInHandle            0040af90     Irvine32:Irvine32.obj
 0003:00001f94       consoleOutHandle           0040af94     Irvine32:Irvine32.obj
 0003:00001f98       bytesWritten               0040af98     Irvine32:Irvine32.obj
 0003:00001f9c       eflags                     0040af9c     Irvine32:Irvine32.obj
 0003:00001fa0       digitBuffer                0040afa0     Irvine32:Irvine32.obj
 0003:00001ff1       buffer                     0040aff1     Irvine32:Irvine32.obj
 0003:000021f1       bytesRead                  0040b1f1     Irvine32:Irvine32.obj
 0003:000021f5       sysTime                    0040b1f5     Irvine32:Irvine32.obj
 0004:00000432       .idata$6                   0040c432     kernel32:KERNEL32.dll
 0004:0000044e       .idata$6                   0040c44e     user32:USER32.dll
 0005:00000170       $R000000                   0040d170     * linker generated manifest res *
